BL51 BANKED LINKER/LOCATER V6.22.2.0                                                    06/05/2022  16:46:47  PAGE 1


BL51 BANKED LINKER/LOCATER V6.22.2.0, INVOKED BY:
F:\KEIL\C51\BIN\BL51.EXE main.obj, bsp_time.obj, bsp_key.obj, tftlcd.obj, touch.obj, gui.obj, public.obj, uart.obj TO te
>> mplate RAMSIZE (256)


MEMORY MODEL: LARGE


INPUT MODULES INCLUDED:
  main.obj (MAIN)
  bsp_time.obj (BSP_TIME)
  bsp_key.obj (BSP_KEY)
  tftlcd.obj (TFTLCD)
  touch.obj (TOUCH)
  gui.obj (GUI)
  public.obj (PUBLIC)
  uart.obj (UART)
  F:\KEIL\C51\LIB\C51L.LIB (?C_STARTUP)
  F:\KEIL\C51\LIB\C51L.LIB (?C?CLDPTR)
  F:\KEIL\C51\LIB\C51L.LIB (?C?CLDOPTR)
  F:\KEIL\C51\LIB\C51L.LIB (?C?CSTPTR)
  F:\KEIL\C51\LIB\C51L.LIB (?C?IMUL)
  F:\KEIL\C51\LIB\C51L.LIB (?C?UIDIV)
  F:\KEIL\C51\LIB\C51L.LIB (?C?IILDX)
  F:\KEIL\C51\LIB\C51L.LIB (?C?ILDIX)
  F:\KEIL\C51\LIB\C51L.LIB (?C?ILDOPTR)
  F:\KEIL\C51\LIB\C51L.LIB (?C?ISTOPTR)
  F:\KEIL\C51\LIB\C51L.LIB (?C?LMUL)
  F:\KEIL\C51\LIB\C51L.LIB (?C?ULDIV)
  F:\KEIL\C51\LIB\C51L.LIB (?C?SLDIV)
  F:\KEIL\C51\LIB\C51L.LIB (?C?SLCMP)
  F:\KEIL\C51\LIB\C51L.LIB (?C?ULCMP)
  F:\KEIL\C51\LIB\C51L.LIB (?C?ULSHR)
  F:\KEIL\C51\LIB\C51L.LIB (?C?LSTXDATA)
  F:\KEIL\C51\LIB\C51L.LIB (?C?LSTKXDATA)
  F:\KEIL\C51\LIB\C51L.LIB (?C?ICASE)
  F:\KEIL\C51\LIB\C51L.LIB (?C?LIMUL)
  F:\KEIL\C51\LIB\C51L.LIB (PRINTF)
  F:\KEIL\C51\LIB\C51L.LIB (STRLEN)
  F:\KEIL\C51\LIB\C51L.LIB (?C_INIT)
  F:\KEIL\C51\LIB\C51L.LIB (?C?PLDIXDATA)
  F:\KEIL\C51\LIB\C51L.LIB (?C?PSTXDATA)
  F:\KEIL\C51\LIB\C51L.LIB (?C?CCASE)
  F:\KEIL\C51\LIB\C51L.LIB (PUTCHAR)


LINK MAP OF MODULE:  template (MAIN)


            TYPE    BASE      LENGTH    RELOCATION   SEGMENT NAME
            -----------------------------------------------------

            * * * * * * *   D A T A   M E M O R Y   * * * * * * *
            REG     0000H     0008H     ABSOLUTE     "REG BANK 0"
            DATA    0008H     0005H     UNIT         ?DT?PRINTF?PRINTF
                    000DH     0013H                  *** GAP ***
            BIT     0020H.0   0001H.1   UNIT         ?BI?PRINTF?PRINTF
                    0021H.1   0000H.7                *** GAP ***
BL51 BANKED LINKER/LOCATER V6.22.2.0                                                  06/05/2022  16:46:47  PAGE 2


            IDATA   0022H     0001H     UNIT         ?STACK

            * * * * * * *  X D A T A   M E M O R Y  * * * * * * *
            XDATA   0000H     0034H     UNIT         ?XD?UART
            XDATA   0034H     0028H     UNIT         ?XD?PRINTF?PRINTF
            XDATA   005CH     0024H     UNIT         ?XD?_GUI_DRAW_ELLIPSE?GUI
            XDATA   0080H     0022H     UNIT         ?XD?_GUI_FILL_ELLIPSE?GUI
            XDATA   00A2H     001FH     UNIT         ?XD?_GUI_DRAW_BLINE?GUI
            XDATA   00C1H     001FH     UNIT         ?XD?_GUI_DRAW_BLINE1?GUI
            XDATA   00E0H     001EH     UNIT         ?XD?_LCD_DRAWLINE_COLOR?TFTLCD
            XDATA   00FEH     001EH     UNIT         ?XD?_GUI_DRAW_LINE?GUI
            XDATA   011CH     001EH     UNIT         ?XD?_GUI_SMOOTH_COLOR?GUI
            XDATA   013AH     001CH     UNIT         ?XD?_LCD_DRAWLINE?TFTLCD
            XDATA   0156H     001AH     UNIT         ?XD?_TOUCH_XPT_READDATA?TOUCH
            XDATA   0170H     0019H     UNIT         ?XD?_GUI_DRAW_ARC?GUI
            XDATA   0189H     0019H     UNIT         ?XD?_GUI_SHOW_PTCHAR?GUI
            XDATA   01A2H     0018H     UNIT         ?XD?_GUI_FILL_CIRCLE?GUI
            XDATA   01BAH     0017H     UNIT         ?XD?_GUI_DRAW_SMOOTH_RECTANGLE?GUI
            XDATA   01D1H     0016H     UNIT         ?XD?_GUI_SHOW_STRING?GUI
            XDATA   01E7H     0015H     UNIT         ?XD?_LCD_SHOWPICTURE?TFTLCD
            XDATA   01FCH     0013H     UNIT         ?XD?_LCD_COLOR_FILL?TFTLCD
            XDATA   020FH     0013H     UNIT         ?XD?_GUI_SHOW_STRMIDEX?GUI
            XDATA   0222H     0013H     UNIT         ?XD?_GUI_SHOW_PTSTR?GUI
            XDATA   0235H     0012H     UNIT         ?XD?_GUI_DRAW_CIRCLE8?GUI
            XDATA   0247H     0012H     UNIT         ?XD?_GUI_SHOW_STRMID?GUI
            XDATA   0259H     0012H     UNIT         ?XD?_GUI_SHOW_PTSTRWHITERIM?GUI
            XDATA   026BH     0011H     UNIT         ?XD?_GUI_ALPHABLEND_AREA?GUI
            XDATA   027CH     0010H     UNIT         ?XD?_GUI_DRAW_ARCRECTANGLE?GUI
            XDATA   028CH     0010H     UNIT         ?XD?_GUI_DRAW_EXPOINT?GUI
            XDATA   029CH     0010H     UNIT         ?XD?_GUI_SHOW_NUM?GUI
            XDATA   02ACH     000EH     UNIT         ?XD?_LCD_SHOWXNUM?TFTLCD
            XDATA   02BAH     000EH     UNIT         ?XD?_GUI_DRAW_BIGPOINT?GUI
            XDATA   02C8H     000EH     UNIT         ?XD?_GUI_FILL_COLORBLOCK?GUI
            XDATA   02D6H     000DH     UNIT         ?XD?MAIN
            XDATA   02E3H     000DH     UNIT         ?XD?_LCD_SHOWNUM?TFTLCD
            XDATA   02F0H     000DH     UNIT         ?XD?_LCD_SHOWSTRING?TFTLCD
            XDATA   02FDH     000DH     UNIT         ?XD?TOUCH
            XDATA   030AH     000DH     UNIT         ?XD?_GUI_ALPHA_BLEND565?GUI
            XDATA   0317H     000CH     UNIT         ?XD?_LCD_FILL?TFTLCD
            XDATA   0323H     000CH     UNIT         ?XD?_LCD_SHOWCHAR?TFTLCD
            XDATA   032FH     000CH     UNIT         ?XD?_GUI_GET_STRINGLINE?GUI
            XDATA   033BH     000BH     UNIT         ?XD?TFTLCD
            XDATA   0346H     000AH     UNIT         ?XD?_LCD_READPOINT?TFTLCD
            XDATA   0350H     000AH     UNIT         ?XD?_LCD_DRAW_CIRCLE?TFTLCD
            XDATA   035AH     000AH     UNIT         ?XD?_LCD_SHOWFONTHZ?TFTLCD
            XDATA   0364H     000AH     UNIT         ?XD?TOUCH_XPT_READXY?TOUCH
            XDATA   036EH     000AH     UNIT         ?XD?_GUI_DRAW_RECTANGLE?GUI
            XDATA   0378H     000AH     UNIT         ?XD?_GUI_FILL_RECTANGLE?GUI
            XDATA   0382H     0009H     UNIT         ?XD?_GUI_NUM2STR?GUI
            XDATA   038BH     0008H     UNIT         ?XD?_LCD_SET_WINDOW?TFTLCD
            XDATA   0393H     0008H     UNIT         ?XD?_LCD_DRAWRECTANGLE?TFTLCD
            XDATA   039BH     0008H     UNIT         ?XD?_GUI_COLOR_CHG?GUI
            XDATA   03A3H     0008H     UNIT         ?XD?_GUI_DISABS?GUI
            XDATA   03ABH     0008H     UNIT         ?XD?_GUI_DRAW_VLINE?GUI
            XDATA   03B3H     0008H     UNIT         ?XD?_GUI_DRAW_HLINE?GUI
            XDATA   03BBH     0006H     UNIT         ?XD?_LCD_DRAWFRONT_COLOR?TFTLCD
            XDATA   03C1H     0006H     UNIT         ?XD?_LCD_DRAWBIGPOINT?TFTLCD
BL51 BANKED LINKER/LOCATER V6.22.2.0                                                  06/05/2022  16:46:47  PAGE 3


            XDATA   03C7H     0006H     UNIT         ?XD?_LCD_DROWSIGN?TFTLCD
            XDATA   03CDH     0006H     UNIT         ?XD?_LCD_POW?TFTLCD
            XDATA   03D3H     0006H     UNIT         ?XD?_GUI_POW?GUI
            XDATA   03D9H     0005H     UNIT         ?XD?TOUCH_SCAN?TOUCH
            XDATA   03DEH     0004H     UNIT         ?XD?_LCD_CLEAR?TFTLCD
            XDATA   03E2H     0004H     UNIT         ?XD?_GUI_DRAW_POINT?GUI
            XDATA   03E6H     0003H     UNIT         ?XD?KEY_READ?BSP_KEY
            XDATA   03E9H     0003H     UNIT         ?XD?_UART_SENDSTRING?UART
            XDATA   03ECH     0002H     UNIT         ?XD?TFTLCD_INIT?TFTLCD
            XDATA   03EEH     0002H     UNIT         ?XD?TOUCH_SPI_READ?TOUCH

            * * * * * * *   C O D E   M E M O R Y   * * * * * * *
            CODE    0000H     0003H     ABSOLUTE     
            CODE    0003H     0006H     UNIT         ?PR?_UART_CMD?UART
                    0009H     0002H                  *** GAP ***
            CODE    000BH     0003H     ABSOLUTE     
            CODE    000EH     0015H     UNIT         ?PR?_STRLEN?STRLEN
            CODE    0023H     0003H     ABSOLUTE     
            CODE    0026H     1BF3H     UNIT         ?CO?TFTLCD
            CODE    1C19H     06B3H     UNIT         ?PR?_GUI_DRAW_ARCRECTANGLE?GUI
            CODE    22CCH     0404H     UNIT         ?PR?_GUI_DRAW_ELLIPSE?GUI
            CODE    26D0H     03CAH     UNIT         ?PR?_GUI_DRAW_BLINE1?GUI
            CODE    2A9AH     03A0H     UNIT         ?PR?_GUI_FILL_CIRCLE?GUI
            CODE    2E3AH     0384H     UNIT         ?C?LIB_CODE
            CODE    31BEH     0365H     UNIT         ?PR?PRINTF?PRINTF
            CODE    3523H     0271H     UNIT         ?PR?_GUI_DRAW_CIRCLE8?GUI
            CODE    3794H     026CH     UNIT         ?PR?_GUI_DRAW_BLINE?GUI
            CODE    3A00H     025CH     UNIT         ?PR?_GUI_FILL_ELLIPSE?GUI
            CODE    3C5CH     0256H     UNIT         ?PR?_GUI_SHOW_PTCHAR?GUI
            CODE    3EB2H     024FH     UNIT         ?PR?_GUI_SHOW_PTSTR?GUI
            CODE    4101H     0237H     UNIT         ?PR?_GUI_SHOW_STRING?GUI
            CODE    4338H     01FDH     UNIT         ?PR?TFTLCD_INIT?TFTLCD
            CODE    4535H     01F3H     UNIT         ?PR?_GUI_DRAW_LINE?GUI
            CODE    4728H     01EFH     UNIT         ?PR?_LCD_DRAWLINE?TFTLCD
            CODE    4917H     01EDH     UNIT         ?PR?_LCD_DRAWLINE_COLOR?TFTLCD
            CODE    4B04H     01E9H     UNIT         ?PR?_GUI_SMOOTH_COLOR?GUI
            CODE    4CEDH     01D8H     UNIT         ?PR?_LCD_DRAW_CIRCLE?TFTLCD
            CODE    4EC5H     01D7H     UNIT         ?PR?_GUI_DRAW_ARC?GUI
            CODE    509CH     01C3H     UNIT         ?PR?_GUI_SHOW_NUM?GUI
            CODE    525FH     01AAH     UNIT         ?PR?_TOUCH_XPT_READDATA?TOUCH
            CODE    5409H     0189H     UNIT         ?PR?_GUI_GET_STRINGLINE?GUI
            CODE    5592H     0187H     UNIT         ?PR?_LCD_SHOWCHAR?TFTLCD
            CODE    5719H     0164H     UNIT         ?PR?KEY_READ?BSP_KEY
            CODE    587DH     0162H     UNIT         ?PR?TOUCH_SCAN?TOUCH
            CODE    59DFH     014AH     UNIT         ?PR?_GUI_SHOW_STRMIDEX?GUI
            CODE    5B29H     0147H     UNIT         ?PR?_GUI_FILL_COLORBLOCK?GUI
            CODE    5C70H     0146H     UNIT         ?PR?_GUI_SHOW_STRMID?GUI
            CODE    5DB6H     0142H     UNIT         ?PR?_LCD_SHOWFONTHZ?TFTLCD
            CODE    5EF8H     012DH     UNIT         ?PR?_LCD_SHOWPICTURE?TFTLCD
            CODE    6025H     0129H     UNIT         ?PR?_LCD_SHOWXNUM?TFTLCD
            CODE    614EH     0114H     UNIT         ?PR?TOUCH_XPT_READXY?TOUCH
            CODE    6262H     010CH     UNIT         ?PR?_GUI_DRAW_SMOOTH_RECTANGLE?GUI
            CODE    636EH     00F8H     UNIT         ?PR?_LCD_COLOR_FILL?TFTLCD
            CODE    6466H     00F7H     UNIT         ?PR?_GUI_ALPHABLEND_AREA?GUI
            CODE    655DH     00F4H     UNIT         ?PR?_GUI_DRAW_BIGPOINT?GUI
            CODE    6651H     00F0H     UNIT         ?PR?_LCD_DROWSIGN?TFTLCD
            CODE    6741H     00EDH     UNIT         ?PR?_GUI_ALPHA_BLEND565?GUI
BL51 BANKED LINKER/LOCATER V6.22.2.0                                                  06/05/2022  16:46:47  PAGE 4


            CODE    682EH     00E5H     UNIT         ?PR?_LCD_SHOWSTRING?TFTLCD
            CODE    6913H     00DDH     UNIT         ?PR?TIME0?MAIN
            CODE    69F0H     00DCH     UNIT         ?PR?_LCD_SHOWNUM?TFTLCD
            CODE    6ACCH     00D2H     UNIT         ?PR?_GUI_SHOW_PTSTRWHITERIM?GUI
            CODE    6B9EH     00C9H     UNIT         ?PR?_LCD_FILL?TFTLCD
            CODE    6C67H     00C8H     UNIT         ?PR?_GUI_DRAW_RECTANGLE?GUI
            CODE    6D2FH     00C1H     UNIT         ?PR?_GUI_DRAW_EXPOINT?GUI
            CODE    6DF0H     00AFH     UNIT         ?PR?_LCD_SET_WINDOW?TFTLCD
            CODE    6E9FH     00AEH     UNIT         ?PR?_GUI_NUM2STR?GUI
            CODE    6F4DH     00AAH     UNIT         ?PR?_LCD_DRAWRECTANGLE?TFTLCD
            CODE    6FF7H     0094H     UNIT         ?PR?_GUI_DRAW_VLINE?GUI
            CODE    708BH     008CH     UNIT         ?C_C51STARTUP
            CODE    7117H     008AH     UNIT         ?PR?_GUI_FILL_RECTANGLE?GUI
            CODE    71A1H     0084H     UNIT         ?PR?UART_IRQN?UART
            CODE    7225H     0081H     UNIT         ?PR?_LCD_CLEAR?TFTLCD
            CODE    72A6H     0080H     UNIT         ?PR?_GUI_COLOR_CHG?GUI
            CODE    7326H     007BH     UNIT         ?PR?_GUI_DRAW_HLINE?GUI
            CODE    73A1H     0073H     UNIT         ?PR?_LCD_DRAWBIGPOINT?TFTLCD
            CODE    7414H     006BH     UNIT         ?PR?_GUI_DISABS?GUI
            CODE    747FH     0065H     UNIT         ?PR?_LCD_READPOINT?TFTLCD
            CODE    74E4H     0050H     UNIT         ?PR?_LCD_POW?TFTLCD
            CODE    7534H     004EH     UNIT         ?PR?_LCD_DISPLAY_DIR?TFTLCD
            CODE    7582H     0049H     UNIT         ?PR?_GUI_POW?GUI
            CODE    75CBH     0048H     UNIT         ?PR?_LCD_DRAWFRONT_COLOR?TFTLCD
            CODE    7613H     0044H     UNIT         ?C?LDIV
            CODE    7657H     0040H     UNIT         ?PR?_LCD_DRAWPOINT?TFTLCD
            CODE    7697H     003CH     UNIT         ?PR?_GUI_RGB332TORGB565?GUI
            CODE    76D3H     003CH     UNIT         ?PR?_GUI_DRAW_POINT?GUI
            CODE    770FH     003BH     UNIT         ?PR?TOUCH_SPI_READ?TOUCH
            CODE    774AH     0033H     UNIT         ?PR?_UART_SENDSTRING?UART
            CODE    777DH     002CH     UNIT         ?PR?KEY_PROC?MAIN
            CODE    77A9H     0027H     UNIT         ?PR?PUTCHAR?PUTCHAR
            CODE    77D0H     0025H     UNIT         ?PR?_TOUCH_SPI_WRITE?TOUCH
            CODE    77F5H     0024H     UNIT         ?PR?_LCD_WRITECMD?TFTLCD
            CODE    7819H     001FH     UNIT         ?PR?_DELAY?TFTLCD
            CODE    7838H     001EH     UNIT         ?PR?_LCD_WRITEDATA_COLOR?TFTLCD
            CODE    7856H     001EH     UNIT         ?PR?_DELAY_MS?PUBLIC
            CODE    7874H     001DH     UNIT         ?PR?_LCD_WRITEDATA?TFTLCD
            CODE    7891H     001AH     UNIT         ?PR?LCD_READDATA?TFTLCD
            CODE    78ABH     0017H     UNIT         ?C_INITSEG
            CODE    78C2H     0016H     UNIT         ?PR?UART_INIT?UART
            CODE    78D8H     0014H     UNIT         ?PR?_LCD_WRITECMDDATA?TFTLCD
            CODE    78ECH     0012H     UNIT         ?PR?TFT_PROC?MAIN
            CODE    78FEH     0010H     UNIT         ?PR?TIME0_INIT?BSP_TIME
            CODE    790EH     000EH     UNIT         ?PR?_UART_SENDDATA?UART
            CODE    791CH     000BH     UNIT         ?PR?TOUCH_SPI_START?TOUCH
            CODE    7927H     000BH     UNIT         ?PR?_DELAY_10US?PUBLIC
            CODE    7932H     0005H     UNIT         ?PR?MAIN?MAIN



OVERLAY MAP OF MODULE:   template (MAIN)


SEGMENT
  +--> CALLED SEGMENT
---------------------
BL51 BANKED LINKER/LOCATER V6.22.2.0                                                  06/05/2022  16:46:47  PAGE 5


?C_C51STARTUP
  +--> ?PR?MAIN?MAIN
  +--> ?C_INITSEG

?PR?MAIN?MAIN
  +--> ?PR?UART_INIT?UART



SYMBOL TABLE OF MODULE:  template (MAIN)

  VALUE           TYPE          NAME
  ----------------------------------

  -------         MODULE        MAIN
  C:0000H         SYMBOL        _ICE_DUMMY_
  D:0090H         PUBLIC        P1
  D:00B0H         PUBLIC        P3
  D:00A8H         PUBLIC        IE
  D:00B8H         PUBLIC        IP
  C:7932H         PUBLIC        main
  X:02D6H         PUBLIC        count
  D:0098H         PUBLIC        SCON
  D:0088H         PUBLIC        TCON
  X:02D8H         PUBLIC        key_delay
  X:02DAH         PUBLIC        time_tick
  X:02DEH         PUBLIC        tft_delay
  D:008CH         PUBLIC        TH0
  D:008AH         PUBLIC        TL0
  C:6913H         PUBLIC        time0
  C:777DH         PUBLIC        key_proc
  X:02E0H         PUBLIC        key_down
  C:78ECH         PUBLIC        tft_proc
  D:00C8H         PUBLIC        T2CON
  X:02E1H         PUBLIC        key_old
  X:02E2H         PUBLIC        key_val
  D:00D0H         PUBLIC        PSW
  -------         PROC          MAIN
  C:7932H         LINE#         24
  C:7932H         LINE#         25
  C:7932H         LINE#         27
  C:7935H         LINE#         28
  C:7935H         LINE#         29
  C:7935H         LINE#         31
  -------         ENDPROC       MAIN
  -------         PROC          TIME0
  C:6913H         LINE#         37
  C:6930H         LINE#         39
  C:6955H         LINE#         40
  C:6958H         LINE#         41
  C:695BH         LINE#         43
  C:6965H         LINE#         44
  C:697DH         LINE#         46
  C:6987H         LINE#         47
  C:69A1H         LINE#         49
  C:69C7H         LINE#         50
  C:69D5H         LINE#         51
BL51 BANKED LINKER/LOCATER V6.22.2.0                                                  06/05/2022  16:46:47  PAGE 6


  -------         ENDPROC       TIME0
  -------         PROC          KEY_PROC
  C:777DH         LINE#         54
  C:777DH         LINE#         55
  C:777DH         LINE#         56
  C:7787H         LINE#         57
  C:778EH         LINE#         58
  C:7796H         LINE#         59
  C:77A0H         LINE#         60
  C:77A0H         LINE#         61
  C:77A0H         LINE#         62
  C:77A0H         LINE#         64
  C:77A8H         LINE#         65
  -------         ENDPROC       KEY_PROC
  -------         PROC          TFT_PROC
  C:78ECH         LINE#         68
  C:78ECH         LINE#         69
  C:78ECH         LINE#         70
  C:78F6H         LINE#         71
  C:78FDH         LINE#         79
  -------         ENDPROC       TFT_PROC
  -------         ENDMOD        MAIN

  -------         MODULE        BSP_TIME
  C:0000H         SYMBOL        _ICE_DUMMY_
  D:0090H         PUBLIC        P1
  D:00B0H         PUBLIC        P3
  B:00A8H.7       PUBLIC        EA
  D:00A8H         PUBLIC        IE
  D:00B8H         PUBLIC        IP
  D:0098H         PUBLIC        SCON
  D:0089H         PUBLIC        TMOD
  D:0088H         PUBLIC        TCON
  B:00A8H.1       PUBLIC        ET0
  D:008CH         PUBLIC        TH0
  D:008AH         PUBLIC        TL0
  B:0088H.4       PUBLIC        TR0
  D:00C8H         PUBLIC        T2CON
  C:78FEH         PUBLIC        time0_init
  D:00D0H         PUBLIC        PSW
  -------         PROC          TIME0_INIT
  C:78FEH         LINE#         11
  C:78FEH         LINE#         12
  C:78FEH         LINE#         13
  C:7901H         LINE#         14
  C:7904H         LINE#         15
  C:7907H         LINE#         16
  C:7909H         LINE#         17
  C:790BH         LINE#         18
  C:790DH         LINE#         19
  -------         ENDPROC       TIME0_INIT
  -------         ENDMOD        BSP_TIME

  -------         MODULE        BSP_KEY
  C:0000H         SYMBOL        _ICE_DUMMY_
  D:0090H         PUBLIC        P1
  D:00B0H         PUBLIC        P3
BL51 BANKED LINKER/LOCATER V6.22.2.0                                                  06/05/2022  16:46:47  PAGE 7


  D:00A8H         PUBLIC        IE
  D:00B8H         PUBLIC        IP
  D:0098H         PUBLIC        SCON
  D:0088H         PUBLIC        TCON
  C:5719H         PUBLIC        key_read
  D:00C8H         PUBLIC        T2CON
  D:00D0H         PUBLIC        PSW
  -------         PROC          KEY_READ
  -------         DO            
  X:03E6H         SYMBOL        key_val
  X:03E7H         SYMBOL        temp
  -------         ENDDO         
  C:5719H         LINE#         41
  C:5719H         LINE#         42
  C:5719H         LINE#         43
  C:571EH         LINE#         45
  C:5724H         LINE#         46
  C:5730H         LINE#         48
  C:5736H         LINE#         49
  C:5754H         LINE#         51
  C:575AH         LINE#         52
  C:5778H         LINE#         54
  C:577EH         LINE#         55
  C:579CH         LINE#         57
  C:57F2H         LINE#         58
  C:57F2H         LINE#         59
  C:57FAH         LINE#         60
  C:5802H         LINE#         61
  C:580AH         LINE#         62
  C:5812H         LINE#         64
  C:581AH         LINE#         65
  C:5822H         LINE#         66
  C:582AH         LINE#         67
  C:5832H         LINE#         69
  C:583AH         LINE#         70
  C:5842H         LINE#         71
  C:584AH         LINE#         72
  C:5852H         LINE#         74
  C:585AH         LINE#         75
  C:5862H         LINE#         76
  C:586AH         LINE#         77
  C:5872H         LINE#         79
  C:5877H         LINE#         80
  C:5877H         LINE#         81
  C:587CH         LINE#         82
  -------         ENDPROC       KEY_READ
  -------         ENDMOD        BSP_KEY

  -------         MODULE        TFTLCD
  C:0000H         SYMBOL        _ICE_DUMMY_
  D:0080H         PUBLIC        P0
  D:0090H         PUBLIC        P1
  X:033BH         PUBLIC        tftlcd_data
  D:00A0H         PUBLIC        P2
  C:6025H         PUBLIC        _LCD_ShowxNum
  D:00B0H         PUBLIC        P3
  C:69F0H         PUBLIC        _LCD_ShowNum
BL51 BANKED LINKER/LOCATER V6.22.2.0                                                  06/05/2022  16:46:47  PAGE 8


  D:00A8H         PUBLIC        IE
  C:7534H         PUBLIC        _LCD_Display_Dir
  C:5DB6H         PUBLIC        _LCD_ShowFontHZ
  D:00B8H         PUBLIC        IP
  C:7225H         PUBLIC        _LCD_Clear
  C:636EH         PUBLIC        _LCD_Color_Fill
  C:7840H         PUBLIC        _LCD_WriteData_Color
  C:7891H         PUBLIC        LCD_ReadData
  C:4917H         PUBLIC        _LCD_DrawLine_Color
  C:75D1H         PUBLIC        _LCD_DrawFRONT_COLOR
  D:0098H         PUBLIC        SCON
  D:0088H         PUBLIC        TCON
  C:0A97H         PUBLIC        ascii_2412
  C:0033H         PUBLIC        ascii_1206
  C:5EF8H         PUBLIC        _LCD_ShowPicture
  C:4338H         PUBLIC        TFTLCD_Init
  C:04A7H         PUBLIC        ascii_1608
  C:6B9EH         PUBLIC        _LCD_Fill
  C:6DF5H         PUBLIC        _LCD_Set_Window
  C:787BH         PUBLIC        _LCD_WriteData
  C:747FH         PUBLIC        _LCD_ReadPoint
  B:00B0H.3       PUBLIC        TFT_RST
  C:4728H         PUBLIC        _LCD_DrawLine
  C:766DH         PUBLIC        _LCD_DrawPoint
  C:682EH         PUBLIC        _LCD_ShowString
  C:78DEH         PUBLIC        _LCD_WriteCmdData
  C:5592H         PUBLIC        _LCD_ShowChar
  C:7803H         PUBLIC        _LCD_WriteCmd
  C:6F4DH         PUBLIC        _LCD_DrawRectangle
  B:00B0H.2       PUBLIC        TFT_RD
  B:00A0H.7       PUBLIC        TFT_CS
  C:6651H         PUBLIC        _LCD_DrowSign
  C:73A1H         PUBLIC        _LCD_DrawBigPoint
  D:00C8H         PUBLIC        T2CON
  C:74EBH         PUBLIC        _LCD_Pow
  X:0342H         PUBLIC        FRONT_COLOR
  C:7819H         PUBLIC        _Delay
  X:0344H         PUBLIC        BACK_COLOR
  B:00A0H.6       PUBLIC        TFT_RS
  B:00A0H.5       PUBLIC        TFT_WR
  C:4CEDH         PUBLIC        _LCD_Draw_Circle
  D:00D0H         PUBLIC        PSW
  C:17F3H         PUBLIC        CnChar32x29
  -------         PROC          _DELAY
  D:0006H         SYMBOL        dly
  -------         DO            
  D:0004H         SYMBOL        i
  D:0002H         SYMBOL        j
  -------         ENDDO         
  C:7819H         LINE#         14
  C:7819H         LINE#         15
  C:7819H         LINE#         18
  C:7823H         LINE#         19
  C:7837H         LINE#         20
  -------         ENDPROC       _DELAY
  -------         PROC          L?0194
  -------         ENDPROC       L?0194
BL51 BANKED LINKER/LOCATER V6.22.2.0                                                  06/05/2022  16:46:47  PAGE 9


  -------         PROC          _LCD_WRITECMD
  D:0004H         SYMBOL        cmd
  C:7803H         LINE#         23
  C:7807H         LINE#         24
  C:7807H         LINE#         135
  C:7809H         LINE#         136
  C:780BH         LINE#         137
  C:780EH         LINE#         138
  C:7812H         LINE#         139
  C:7814H         LINE#         140
  C:7816H         LINE#         141
  C:7818H         LINE#         256
  -------         ENDPROC       _LCD_WRITECMD
  C:7874H         SYMBOL        L?0182
  C:7876H         SYMBOL        L?0183
  -------         PROC          L?0181
  -------         ENDPROC       L?0181
  C:7874H         SYMBOL        L?0182
  C:7876H         SYMBOL        L?0183
  -------         PROC          _LCD_WRITEDATA
  D:0004H         SYMBOL        dat
  C:787BH         LINE#         260
  C:787FH         LINE#         261
  C:787FH         LINE#         369
  C:7881H         LINE#         370
  C:7883H         LINE#         371
  C:7886H         LINE#         372
  C:788AH         LINE#         373
  C:788CH         LINE#         374
  C:788EH         LINE#         375
  C:7890H         LINE#         487
  -------         ENDPROC       _LCD_WRITEDATA
  C:7838H         SYMBOL        L?0188
  C:783BH         SYMBOL        L?0189
  -------         PROC          L?0187
  -------         ENDPROC       L?0187
  C:7838H         SYMBOL        L?0188
  C:783BH         SYMBOL        L?0189
  -------         PROC          _LCD_WRITEDATA_COLOR
  D:0004H         SYMBOL        color
  C:7840H         LINE#         489
  C:7844H         LINE#         490
  C:7844H         LINE#         601
  C:7846H         LINE#         602
  C:7848H         LINE#         603
  C:784BH         LINE#         604
  C:784FH         LINE#         605
  C:7851H         LINE#         606
  C:7853H         LINE#         607
  C:7855H         LINE#         729
  -------         ENDPROC       _LCD_WRITEDATA_COLOR
  -------         PROC          L?0196
  -------         ENDPROC       L?0196
  -------         PROC          _LCD_WRITECMDDATA
  D:0006H         SYMBOL        cmd
  D:0002H         SYMBOL        dat
  C:78DEH         LINE#         731
BL51 BANKED LINKER/LOCATER V6.22.2.0                                                  06/05/2022  16:46:47  PAGE 10


  C:78E2H         LINE#         732
  C:78E2H         LINE#         733
  C:78E5H         LINE#         734
  -------         ENDPROC       _LCD_WRITECMDDATA
  -------         PROC          LCD_READDATA
  -------         DO            
  D:0006H         SYMBOL        ram
  -------         ENDDO         
  C:7891H         LINE#         739
  C:7891H         LINE#         740
  C:7891H         LINE#         743
  C:7894H         LINE#         744
  C:7897H         LINE#         838
  C:7899H         LINE#         839
  C:789BH         LINE#         840
  C:789DH         LINE#         841
  C:789EH         LINE#         842
  C:78A0H         LINE#         843
  C:78A2H         LINE#         844
  C:78A6H         LINE#         845
  C:78A8H         LINE#         846
  C:78AAH         LINE#         973
  C:78AAH         LINE#         974
  -------         ENDPROC       LCD_READDATA
  -------         PROC          _LCD_DISPLAY_DIR
  D:0007H         SYMBOL        dir
  C:7534H         LINE#         978
  C:7534H         LINE#         979
  C:7534H         LINE#         980
  C:7539H         LINE#         981
  C:753BH         LINE#         982
  C:753BH         LINE#         1016
  C:7545H         LINE#         1017
  C:754AH         LINE#         1061
  C:7554H         LINE#         1062
  C:755DH         LINE#         1063
  C:755EH         LINE#         1065
  C:755EH         LINE#         1101
  C:7569H         LINE#         1102
  C:756EH         LINE#         1147
  C:7577H         LINE#         1148
  C:7581H         LINE#         1149
  C:7581H         LINE#         1150
  -------         ENDPROC       _LCD_DISPLAY_DIR
  -------         PROC          TFTLCD_INIT
  -------         DO            
  X:03ECH         SYMBOL        i
  -------         ENDDO         
  C:4338H         LINE#         1153
  C:4338H         LINE#         1154
  C:4338H         LINE#         1155
  C:433FH         LINE#         1156
  C:4341H         LINE#         1157
  C:4347H         LINE#         1159
  C:4349H         LINE#         1160
  C:4350H         LINE#         1162
  C:4352H         LINE#         1163
BL51 BANKED LINKER/LOCATER V6.22.2.0                                                  06/05/2022  16:46:47  PAGE 11


  C:4359H         LINE#         1200
  C:435FH         LINE#         1201
  C:436AH         LINE#         1249
  C:437BH         LINE#         1700
  C:4386H         LINE#         1701
  C:438CH         LINE#         1703
  C:4398H         LINE#         1704
  C:439DH         LINE#         1705
  C:43A9H         LINE#         1706
  C:43B7H         LINE#         1707
  C:43C3H         LINE#         1708
  C:43C9H         LINE#         1710
  C:43D7H         LINE#         1711
  C:43E5H         LINE#         1712
  C:43EAH         LINE#         1713
  C:43F6H         LINE#         1714
  C:43FBH         LINE#         1715
  C:4400H         LINE#         1716
  C:440CH         LINE#         1717
  C:4418H         LINE#         1718
  C:4424H         LINE#         1719
  C:4429H         LINE#         1720
  C:442FH         LINE#         1722
  C:4434H         LINE#         1723
  C:4439H         LINE#         1724
  C:443EH         LINE#         1725
  C:4443H         LINE#         1726
  C:444EH         LINE#         1727
  C:4454H         LINE#         1728
  C:4459H         LINE#         1730
  C:4465H         LINE#         1731
  C:446AH         LINE#         1732
  C:4475H         LINE#         1734
  C:4482H         LINE#         1735
  C:4490H         LINE#         1736
  C:449EH         LINE#         1737
  C:44ACH         LINE#         1738
  C:44BAH         LINE#         1739
  C:44C8H         LINE#         1740
  C:44D6H         LINE#         1741
  C:44E4H         LINE#         1742
  C:44F2H         LINE#         1743
  C:4500H         LINE#         1744
  C:4505H         LINE#         1745
  C:450AH         LINE#         1746
  C:4516H         LINE#         1748
  C:451BH         LINE#         1749
  C:4520H         LINE#         1751
  C:4525H         LINE#         2403
  C:452AH         LINE#         2404
  -------         ENDPROC       TFTLCD_INIT
  C:6DF0H         SYMBOL        L?0193
  -------         PROC          L?0192
  -------         ENDPROC       L?0192
  C:6DF0H         SYMBOL        L?0193
  -------         PROC          _LCD_SET_WINDOW
  X:038BH         SYMBOL        sx
BL51 BANKED LINKER/LOCATER V6.22.2.0                                                  06/05/2022  16:46:47  PAGE 12


  X:038DH         SYMBOL        sy
  D:0002H         SYMBOL        width
  X:0391H         SYMBOL        height
  C:6DF5H         LINE#         2411
  C:6E03H         LINE#         2412
  C:6E03H         LINE#         2595
  C:6E0BH         LINE#         2596
  C:6E0BH         LINE#         2597
  C:6E13H         LINE#         2598
  C:6E1FH         LINE#         2599
  C:6E31H         LINE#         2600
  C:6E43H         LINE#         2601
  C:6E4BH         LINE#         2602
  C:6E4BH         LINE#         2603
  C:6E4DH         LINE#         2605
  C:6E4DH         LINE#         2606
  C:6E59H         LINE#         2607
  C:6E67H         LINE#         2608
  C:6E75H         LINE#         2609
  C:6E85H         LINE#         2610
  C:6E97H         LINE#         2611
  C:6E9EH         LINE#         2612
  C:6E9EH         LINE#         2847
  -------         ENDPROC       _LCD_SET_WINDOW
  -------         PROC          _LCD_READPOINT
  D:0002H         SYMBOL        x
  X:0346H         SYMBOL        y
  -------         DO            
  X:0348H         SYMBOL        r
  X:034AH         SYMBOL        g
  X:034CH         SYMBOL        b
  X:034EH         SYMBOL        dat
  -------         ENDDO         
  C:747FH         LINE#         2852
  C:748BH         LINE#         2853
  C:748BH         LINE#         2854
  C:749BH         LINE#         2855
  C:74C1H         LINE#         2856
  C:74DBH         LINE#         2962
  C:74E3H         LINE#         2963
  -------         ENDPROC       _LCD_READPOINT
  -------         PROC          _LCD_CLEAR
  X:03DEH         SYMBOL        color
  -------         DO            
  D:0002H         SYMBOL        i
  X:03E0H         SYMBOL        j
  -------         ENDDO         
  C:7225H         LINE#         2967
  C:722DH         LINE#         2968
  C:722DH         LINE#         2969
  C:7232H         LINE#         2971
  C:725CH         LINE#         2972
  C:726CH         LINE#         2973
  C:726CH         LINE#         2974
  C:7288H         LINE#         2975
  C:7288H         LINE#         2976
  C:728EH         LINE#         2977
BL51 BANKED LINKER/LOCATER V6.22.2.0                                                  06/05/2022  16:46:47  PAGE 13


  C:729EH         LINE#         2978
  C:72A5H         LINE#         2979
  -------         ENDPROC       _LCD_CLEAR
  -------         PROC          _LCD_FILL
  X:0317H         SYMBOL        xState
  X:0319H         SYMBOL        yState
  X:031BH         SYMBOL        xEnd
  X:031DH         SYMBOL        yEnd
  X:031FH         SYMBOL        color
  -------         DO            
  X:0321H         SYMBOL        temp
  -------         ENDDO         
  C:6B9EH         LINE#         2984
  C:6BB6H         LINE#         2985
  C:6BB6H         LINE#         2986
  C:6BBDH         LINE#         2988
  C:6BDFH         LINE#         2989
  C:6BDFH         LINE#         2991
  C:6BDFH         LINE#         2992
  C:6BF3H         LINE#         2993
  C:6C14H         LINE#         2994
  C:6C33H         LINE#         2996
  C:6C41H         LINE#         2997
  C:6C41H         LINE#         2998
  C:6C50H         LINE#         2999
  C:6C5EH         LINE#         3000
  C:6C5EH         LINE#         3001
  C:6C64H         LINE#         3002
  C:6C66H         LINE#         3003
  C:6C66H         LINE#         3004
  -------         ENDPROC       _LCD_FILL
  -------         PROC          _LCD_COLOR_FILL
  X:01FCH         SYMBOL        sx
  X:01FEH         SYMBOL        sy
  D:0002H         SYMBOL        ex
  X:0202H         SYMBOL        ey
  X:0204H         SYMBOL        color
  -------         DO            
  X:0207H         SYMBOL        height
  X:0209H         SYMBOL        width
  X:020BH         SYMBOL        i
  X:020DH         SYMBOL        j
  -------         ENDDO         
  C:636EH         LINE#         3009
  C:637CH         LINE#         3010
  C:637CH         LINE#         3013
  C:6397H         LINE#         3014
  C:63B8H         LINE#         3015
  C:63D5H         LINE#         3016
  C:63F1H         LINE#         3017
  C:63F1H         LINE#         3018
  C:640EH         LINE#         3019
  C:640EH         LINE#         3020
  C:6444H         LINE#         3021
  C:6454H         LINE#         3022
  C:6465H         LINE#         3023
  -------         ENDPROC       _LCD_COLOR_FILL
BL51 BANKED LINKER/LOCATER V6.22.2.0                                                  06/05/2022  16:46:47  PAGE 14


  C:765AH         SYMBOL        L?0185
  C:765BH         SYMBOL        L?0186
  -------         PROC          L?0184
  -------         ENDPROC       L?0184
  C:765AH         SYMBOL        L?0185
  C:765BH         SYMBOL        L?0186
  -------         PROC          _LCD_DRAWPOINT
  D:0002H         SYMBOL        x
  D:0082H         SYMBOL        y
  C:766DH         LINE#         3028
  C:7675H         LINE#         3029
  C:7675H         LINE#         3030
  C:768CH         LINE#         3031
  -------         ENDPROC       _LCD_DRAWPOINT
  C:75CCH         SYMBOL        L?0191
  -------         PROC          L?0190
  -------         ENDPROC       L?0190
  C:75CCH         SYMBOL        L?0191
  -------         PROC          _LCD_DRAWFRONT_COLOR
  X:03BBH         SYMBOL        x
  X:03BDH         SYMBOL        y
  X:03BFH         SYMBOL        color
  C:75D1H         LINE#         3037
  C:75E9H         LINE#         3038
  C:75E9H         LINE#         3039
  C:7608H         LINE#         3040
  -------         ENDPROC       _LCD_DRAWFRONT_COLOR
  -------         PROC          _LCD_DRAWBIGPOINT
  X:03C1H         SYMBOL        x
  X:03C3H         SYMBOL        y
  X:03C5H         SYMBOL        color
  C:73A1H         LINE#         3045
  C:73B5H         LINE#         3046
  C:73B5H         LINE#         3047
  C:73B8H         LINE#         3048
  C:73D1H         LINE#         3049
  C:73EDH         LINE#         3050
  -------         ENDPROC       _LCD_DRAWBIGPOINT
  -------         PROC          _LCD_DRAWLINE
  X:013AH         SYMBOL        x1
  X:013CH         SYMBOL        y1
  D:0002H         SYMBOL        x2
  X:0140H         SYMBOL        y2
  -------         DO            
  X:0142H         SYMBOL        t
  X:0144H         SYMBOL        xerr
  X:0146H         SYMBOL        yerr
  X:0148H         SYMBOL        delta_x
  X:014AH         SYMBOL        delta_y
  X:014CH         SYMBOL        distance
  X:014EH         SYMBOL        incx
  X:0150H         SYMBOL        incy
  X:0152H         SYMBOL        uRow
  X:0154H         SYMBOL        uCol
  -------         ENDDO         
  C:4728H         LINE#         3056
  C:4736H         LINE#         3057
BL51 BANKED LINKER/LOCATER V6.22.2.0                                                  06/05/2022  16:46:47  PAGE 15


  C:4736H         LINE#         3058
  C:473DH         LINE#         3059
  C:4745H         LINE#         3061
  C:475AH         LINE#         3062
  C:4775H         LINE#         3063
  C:4784H         LINE#         3064
  C:478AH         LINE#         3065
  C:47A6H         LINE#         3066
  C:47B2H         LINE#         3067
  C:47C7H         LINE#         3068
  C:47E3H         LINE#         3069
  C:47EFH         LINE#         3070
  C:4804H         LINE#         3071
  C:482AH         LINE#         3072
  C:482FH         LINE#         3073
  C:4854H         LINE#         3074
  C:4854H         LINE#         3075
  C:4865H         LINE#         3076
  C:4879H         LINE#         3077
  C:488DH         LINE#         3078
  C:48A9H         LINE#         3079
  C:48A9H         LINE#         3080
  C:48B5H         LINE#         3081
  C:48C9H         LINE#         3082
  C:48C9H         LINE#         3083
  C:48E5H         LINE#         3084
  C:48E5H         LINE#         3085
  C:48F1H         LINE#         3086
  C:4905H         LINE#         3087
  C:4905H         LINE#         3088
  C:4916H         LINE#         3089
  -------         ENDPROC       _LCD_DRAWLINE
  -------         PROC          _LCD_DRAWLINE_COLOR
  X:00E0H         SYMBOL        x1
  X:00E2H         SYMBOL        y1
  D:0002H         SYMBOL        x2
  X:00E6H         SYMBOL        y2
  X:00E8H         SYMBOL        color
  -------         DO            
  X:00EAH         SYMBOL        t
  X:00ECH         SYMBOL        xerr
  X:00EEH         SYMBOL        yerr
  X:00F0H         SYMBOL        delta_x
  X:00F2H         SYMBOL        delta_y
  X:00F4H         SYMBOL        distance
  X:00F6H         SYMBOL        incx
  X:00F8H         SYMBOL        incy
  X:00FAH         SYMBOL        uRow
  X:00FCH         SYMBOL        uCol
  -------         ENDDO         
  C:4917H         LINE#         3091
  C:4925H         LINE#         3092
  C:4925H         LINE#         3094
  C:4930H         LINE#         3096
  C:4945H         LINE#         3097
  C:4960H         LINE#         3098
  C:496FH         LINE#         3099
BL51 BANKED LINKER/LOCATER V6.22.2.0                                                  06/05/2022  16:46:47  PAGE 16


  C:4975H         LINE#         3100
  C:4991H         LINE#         3101
  C:499DH         LINE#         3102
  C:49B2H         LINE#         3103
  C:49CEH         LINE#         3104
  C:49DAH         LINE#         3105
  C:49EFH         LINE#         3106
  C:4A15H         LINE#         3107
  C:4A1AH         LINE#         3108
  C:4A3FH         LINE#         3109
  C:4A3FH         LINE#         3110
  C:4A52H         LINE#         3111
  C:4A66H         LINE#         3112
  C:4A7AH         LINE#         3113
  C:4A96H         LINE#         3114
  C:4A96H         LINE#         3115
  C:4AA2H         LINE#         3116
  C:4AB6H         LINE#         3117
  C:4AB6H         LINE#         3118
  C:4AD2H         LINE#         3119
  C:4AD2H         LINE#         3120
  C:4ADEH         LINE#         3121
  C:4AF2H         LINE#         3122
  C:4AF2H         LINE#         3123
  C:4B03H         LINE#         3124
  -------         ENDPROC       _LCD_DRAWLINE_COLOR
  -------         PROC          _LCD_DROWSIGN
  X:03C7H         SYMBOL        x
  X:03C9H         SYMBOL        y
  X:03CBH         SYMBOL        color
  -------         DO            
  D:0003H         SYMBOL        i
  -------         ENDDO         
  C:6651H         LINE#         3131
  C:6669H         LINE#         3132
  C:6669H         LINE#         3136
  C:66A3H         LINE#         3137
  C:66AFH         LINE#         3138
  C:66AFH         LINE#         3139
  C:66B2H         LINE#         3140
  C:66B5H         LINE#         3143
  C:66EFH         LINE#         3144
  C:66FBH         LINE#         3145
  C:66FBH         LINE#         3146
  C:66FEH         LINE#         3147
  C:6701H         LINE#         3150
  C:672EH         LINE#         3151
  C:673AH         LINE#         3152
  C:673AH         LINE#         3153
  C:673DH         LINE#         3154
  C:6740H         LINE#         3155
  -------         ENDPROC       _LCD_DROWSIGN
  -------         PROC          _LCD_DRAWRECTANGLE
  X:0393H         SYMBOL        x1
  X:0395H         SYMBOL        y1
  X:0397H         SYMBOL        x2
  X:0399H         SYMBOL        y2
BL51 BANKED LINKER/LOCATER V6.22.2.0                                                  06/05/2022  16:46:47  PAGE 17


  C:6F4DH         LINE#         3159
  C:6F63H         LINE#         3160
  C:6F63H         LINE#         3161
  C:6F7FH         LINE#         3162
  C:6FA6H         LINE#         3163
  C:6FCEH         LINE#         3164
  -------         ENDPROC       _LCD_DRAWRECTANGLE
  -------         PROC          _LCD_DRAW_CIRCLE
  X:0350H         SYMBOL        x0
  X:0352H         SYMBOL        y0
  D:0003H         SYMBOL        r
  -------         DO            
  X:0354H         SYMBOL        a
  X:0356H         SYMBOL        b
  X:0358H         SYMBOL        di
  -------         ENDDO         
  C:4CEDH         LINE#         3169
  C:4CFBH         LINE#         3170
  C:4CFBH         LINE#         3173
  C:4D0AH         LINE#         3174
  C:4D1EH         LINE#         3175
  C:4D3DH         LINE#         3176
  C:4D3DH         LINE#         3177
  C:4D4BH         LINE#         3178
  C:4D64H         LINE#         3179
  C:4D8FH         LINE#         3180
  C:4DBAH         LINE#         3181
  C:4DE6H         LINE#         3182
  C:4E12H         LINE#         3183
  C:4E29H         LINE#         3184
  C:4E44H         LINE#         3185
  C:4E52H         LINE#         3187
  C:4E82H         LINE#         3189
  C:4E82H         LINE#         3190
  C:4EB3H         LINE#         3191
  C:4EC1H         LINE#         3192
  C:4EC1H         LINE#         3193
  C:4EC4H         LINE#         3194
  -------         ENDPROC       _LCD_DRAW_CIRCLE
  -------         PROC          _LCD_SHOWCHAR
  X:0323H         SYMBOL        x
  X:0325H         SYMBOL        y
  X:0327H         SYMBOL        num
  X:0328H         SYMBOL        size
  X:0329H         SYMBOL        mode
  -------         DO            
  X:032AH         SYMBOL        temp
  X:032BH         SYMBOL        t1
  D:0001H         SYMBOL        t
  X:032CH         SYMBOL        y0
  X:032EH         SYMBOL        csize
  -------         ENDDO         
  C:5592H         LINE#         3202
  C:55A7H         LINE#         3203
  C:55A7H         LINE#         3205
  C:55AFH         LINE#         3206
  C:55D7H         LINE#         3207
BL51 BANKED LINKER/LOCATER V6.22.2.0                                                  06/05/2022  16:46:47  PAGE 18


  C:55DEH         LINE#         3208
  C:55EDH         LINE#         3209
  C:55EDH         LINE#         3210
  C:560AH         LINE#         3211
  C:5622H         LINE#         3212
  C:564FH         LINE#         3214
  C:5664H         LINE#         3215
  C:5664H         LINE#         3216
  C:567EH         LINE#         3217
  C:5698H         LINE#         3218
  C:569FH         LINE#         3219
  C:56ADH         LINE#         3220
  C:56C3H         LINE#         3221
  C:56DFH         LINE#         3222
  C:56DFH         LINE#         3223
  C:56E7H         LINE#         3224
  C:56F5H         LINE#         3225
  C:570BH         LINE#         3226
  C:570BH         LINE#         3227
  C:570BH         LINE#         3228
  C:5714H         LINE#         3229
  C:5718H         LINE#         3230
  -------         ENDPROC       _LCD_SHOWCHAR
  -------         PROC          L?0195
  -------         ENDPROC       L?0195
  -------         PROC          _LCD_POW
  X:03CDH         SYMBOL        m
  X:03CEH         SYMBOL        n
  -------         DO            
  X:03CFH         SYMBOL        result
  -------         ENDDO         
  C:74EBH         LINE#         3233
  C:74F3H         LINE#         3234
  C:74F3H         LINE#         3235
  C:74FBH         LINE#         3236
  C:7525H         LINE#         3237
  C:7533H         LINE#         3238
  -------         ENDPROC       _LCD_POW
  -------         PROC          _LCD_SHOWNUM
  X:02E3H         SYMBOL        x
  X:02E5H         SYMBOL        y
  X:02E7H         SYMBOL        num
  X:02EBH         SYMBOL        len
  X:02ECH         SYMBOL        size
  -------         DO            
  X:02EDH         SYMBOL        t
  X:02EEH         SYMBOL        temp
  X:02EFH         SYMBOL        enshow
  -------         ENDDO         
  C:69F0H         LINE#         3245
  C:69FEH         LINE#         3246
  C:69FEH         LINE#         3248
  C:6A03H         LINE#         3249
  C:6A18H         LINE#         3250
  C:6A18H         LINE#         3251
  C:6A42H         LINE#         3252
  C:6A55H         LINE#         3253
BL51 BANKED LINKER/LOCATER V6.22.2.0                                                  06/05/2022  16:46:47  PAGE 19


  C:6A55H         LINE#         3254
  C:6A59H         LINE#         3255
  C:6A59H         LINE#         3256
  C:6A83H         LINE#         3257
  C:6A85H         LINE#         3258
  C:6A8BH         LINE#         3260
  C:6A8BH         LINE#         3261
  C:6AC2H         LINE#         3262
  C:6ACBH         LINE#         3263
  -------         ENDPROC       _LCD_SHOWNUM
  -------         PROC          _LCD_SHOWXNUM
  X:02ACH         SYMBOL        x
  X:02AEH         SYMBOL        y
  X:02B0H         SYMBOL        num
  X:02B4H         SYMBOL        len
  X:02B5H         SYMBOL        size
  X:02B6H         SYMBOL        mode
  -------         DO            
  X:02B7H         SYMBOL        t
  X:02B8H         SYMBOL        temp
  X:02B9H         SYMBOL        enshow
  -------         ENDDO         
  C:6025H         LINE#         3274
  C:6033H         LINE#         3275
  C:6033H         LINE#         3277
  C:6038H         LINE#         3278
  C:604DH         LINE#         3279
  C:604DH         LINE#         3280
  C:6077H         LINE#         3281
  C:608DH         LINE#         3282
  C:608DH         LINE#         3283
  C:6091H         LINE#         3284
  C:6091H         LINE#         3285
  C:60C7H         LINE#         3286
  C:60FCH         LINE#         3287
  C:60FEH         LINE#         3288
  C:6104H         LINE#         3290
  C:6104H         LINE#         3291
  C:6144H         LINE#         3292
  C:614DH         LINE#         3293
  -------         ENDPROC       _LCD_SHOWXNUM
  -------         PROC          _LCD_SHOWSTRING
  X:02F0H         SYMBOL        x
  X:02F2H         SYMBOL        y
  X:02F4H         SYMBOL        width
  X:02F6H         SYMBOL        height
  X:02F8H         SYMBOL        size
  X:02F9H         SYMBOL        p
  -------         DO            
  X:02FCH         SYMBOL        x0
  -------         ENDDO         
  C:682EH         LINE#         3299
  C:6842H         LINE#         3300
  C:6842H         LINE#         3301
  C:684EH         LINE#         3302
  C:685AH         LINE#         3303
  C:686EH         LINE#         3304
BL51 BANKED LINKER/LOCATER V6.22.2.0                                                  06/05/2022  16:46:47  PAGE 20


  C:688EH         LINE#         3305
  C:688EH         LINE#         3306
  C:68C1H         LINE#         3307
  C:68D7H         LINE#         3308
  C:68F1H         LINE#         3309
  C:6905H         LINE#         3310
  C:690FH         LINE#         3311
  C:6912H         LINE#         3312
  -------         ENDPROC       _LCD_SHOWSTRING
  -------         PROC          _LCD_SHOWFONTHZ
  X:035AH         SYMBOL        x
  X:035CH         SYMBOL        y
  X:035EH         SYMBOL        cn
  -------         DO            
  D:0003H         SYMBOL        i
  D:0002H         SYMBOL        j
  X:0361H         SYMBOL        wordNum
  X:0362H         SYMBOL        color
  -------         ENDDO         
  C:5DB6H         LINE#         3325
  C:5DCDH         LINE#         3326
  C:5DCDH         LINE#         3329
  C:5DE0H         LINE#         3330
  C:5DE0H         LINE#         3331
  C:5E16H         LINE#         3332
  C:5E2CH         LINE#         3333
  C:5E2CH         LINE#         3334
  C:5E70H         LINE#         3336
  C:5E70H         LINE#         3338
  C:5E7BH         LINE#         3339
  C:5E7BH         LINE#         3340
  C:5EA2H         LINE#         3341
  C:5EAEH         LINE#         3342
  C:5EAEH         LINE#         3343
  C:5EB5H         LINE#         3344
  C:5EB5H         LINE#         3345
  C:5EB8H         LINE#         3346
  C:5EBAH         LINE#         3348
  C:5EBAH         LINE#         3349
  C:5EC0H         LINE#         3350
  C:5EC0H         LINE#         3351
  C:5ECDH         LINE#         3352
  C:5ED0H         LINE#         3353
  C:5ED3H         LINE#         3354
  C:5ED3H         LINE#         3355
  C:5EDCH         LINE#         3356
  C:5EE6H         LINE#         3357
  C:5EF4H         LINE#         3358
  C:5EF7H         LINE#         3359
  -------         ENDPROC       _LCD_SHOWFONTHZ
  -------         PROC          _LCD_SHOWPICTURE
  X:01E7H         SYMBOL        x
  X:01E9H         SYMBOL        y
  X:01EBH         SYMBOL        wide
  X:01EDH         SYMBOL        high
  X:01EFH         SYMBOL        pic
  -------         DO            
BL51 BANKED LINKER/LOCATER V6.22.2.0                                                  06/05/2022  16:46:47  PAGE 21


  X:01F2H         SYMBOL        temp
  X:01F4H         SYMBOL        tmp
  X:01F8H         SYMBOL        num
  -------         ENDDO         
  C:5EF8H         LINE#         3413
  C:5F0CH         LINE#         3414
  C:5F0CH         LINE#         3415
  C:5F13H         LINE#         3416
  C:5F25H         LINE#         3417
  C:5F6CH         LINE#         3418
  C:5F8FH         LINE#         3420
  C:5F8FH         LINE#         3421
  C:5FBCH         LINE#         3422
  C:5FC5H         LINE#         3423
  C:5FDFH         LINE#         3424
  C:5FE2H         LINE#         3425
  C:5FFFH         LINE#         3426
  C:5FFFH         LINE#         3427
  C:6024H         LINE#         3428
  -------         ENDPROC       _LCD_SHOWPICTURE
  -------         ENDMOD        TFTLCD

  -------         MODULE        TOUCH
  C:0000H         SYMBOL        _ICE_DUMMY_
  D:0090H         PUBLIC        P1
  D:00A0H         PUBLIC        P2
  D:00B0H         PUBLIC        P3
  D:00A8H         PUBLIC        IE
  D:00B8H         PUBLIC        IP
  B:00A0H.0       PUBLIC        TOUCH_DOUT
  X:02FDH         PUBLIC        xpt_xy
  C:770FH         PUBLIC        TOUCH_SPI_Read
  D:0098H         PUBLIC        SCON
  D:0088H         PUBLIC        TCON
  C:5266H         PUBLIC        _TOUCH_XPT_ReadData
  B:00A0H.1       PUBLIC        TOUCH_CLK
  C:77D0H         PUBLIC        _TOUCH_SPI_Write
  B:00A0H.2       PUBLIC        TOUCH_DIN
  C:791CH         PUBLIC        TOUCH_SPI_Start
  D:00C8H         PUBLIC        T2CON
  C:587DH         PUBLIC        TOUCH_Scan
  C:614EH         PUBLIC        TOUCH_XPT_ReadXY
  D:00D0H         PUBLIC        PSW
  B:00A0H.3       PUBLIC        TOUCH_CS
  -------         PROC          TOUCH_SPI_START
  C:791CH         LINE#         9
  C:791CH         LINE#         10
  C:791CH         LINE#         11
  C:791EH         LINE#         12
  C:7920H         LINE#         13
  C:7922H         LINE#         14
  C:7924H         LINE#         15
  C:7926H         LINE#         16
  -------         ENDPROC       TOUCH_SPI_START
  -------         PROC          _TOUCH_SPI_WRITE
  D:0007H         SYMBOL        dat
  -------         DO            
BL51 BANKED LINKER/LOCATER V6.22.2.0                                                  06/05/2022  16:46:47  PAGE 22


  D:0006H         SYMBOL        i
  -------         ENDDO         
  C:77D0H         LINE#         18
  C:77D0H         LINE#         19
  C:77D0H         LINE#         21
  C:77D2H         LINE#         22
  C:77DEH         LINE#         23
  C:77DEH         LINE#         24
  C:77E9H         LINE#         25
  C:77EDH         LINE#         26
  C:77EFH         LINE#         28
  C:77F1H         LINE#         30
  C:77F4H         LINE#         31
  -------         ENDPROC       _TOUCH_SPI_WRITE
  -------         PROC          TOUCH_SPI_READ
  -------         DO            
  D:0004H         SYMBOL        i
  X:03EEH         SYMBOL        dat
  -------         ENDDO         
  C:770FH         LINE#         33
  C:770FH         LINE#         34
  C:770FH         LINE#         35
  C:7716H         LINE#         36
  C:7718H         LINE#         37
  C:771AH         LINE#         38
  C:771AH         LINE#         39
  C:7727H         LINE#         41
  C:7729H         LINE#         42
  C:772BH         LINE#         44
  C:7736H         LINE#         46
  C:7741H         LINE#         47
  C:7749H         LINE#         48
  -------         ENDPROC       TOUCH_SPI_READ
  -------         PROC          L?0046
  -------         ENDPROC       L?0046
  -------         PROC          _TOUCH_XPT_READDATA
  D:0003H         SYMBOL        cmd
  -------         DO            
  X:0156H         SYMBOL        i
  X:0157H         SYMBOL        j
  X:0158H         SYMBOL        readValue
  X:016CH         SYMBOL        endValue
  -------         ENDDO         
  C:5266H         LINE#         52
  C:5268H         LINE#         53
  C:5268H         LINE#         58
  C:526AH         LINE#         59
  C:526CH         LINE#         61
  C:527EH         LINE#         62
  C:527EH         LINE#         63
  C:5283H         LINE#         65
  C:5299H         LINE#         66
  C:529BH         LINE#         67
  C:529CH         LINE#         68
  C:529DH         LINE#         69
  C:529FH         LINE#         70
  C:52A0H         LINE#         71
BL51 BANKED LINKER/LOCATER V6.22.2.0                                                  06/05/2022  16:46:47  PAGE 23


  C:52A1H         LINE#         73
  C:52B8H         LINE#         74
  C:52C0H         LINE#         75
  C:52C2H         LINE#         79
  C:52D8H         LINE#         80
  C:52D8H         LINE#         81
  C:52EDH         LINE#         82
  C:52EDH         LINE#         83
  C:5318H         LINE#         84
  C:5318H         LINE#         85
  C:5332H         LINE#         86
  C:5358H         LINE#         87
  C:5373H         LINE#         88
  C:5373H         LINE#         89
  C:537CH         LINE#         90
  C:5385H         LINE#         95
  C:538FH         LINE#         96
  C:53A2H         LINE#         97
  C:53A2H         LINE#         98
  C:53D9H         LINE#         99
  C:53E1H         LINE#         100
  C:53FEH         LINE#         102
  C:5408H         LINE#         103
  -------         ENDPROC       _TOUCH_XPT_READDATA
  -------         PROC          TOUCH_XPT_READXY
  -------         DO            
  X:0364H         SYMBOL        x1
  X:0366H         SYMBOL        x2
  X:0368H         SYMBOL        x
  X:036AH         SYMBOL        y1
  D:0004H         SYMBOL        y2
  X:036CH         SYMBOL        y
  -------         ENDDO         
  C:614EH         LINE#         107
  C:614EH         LINE#         108
  C:614EH         LINE#         111
  C:6151H         LINE#         113
  C:6159H         LINE#         114
  C:6164H         LINE#         115
  C:616CH         LINE#         116
  C:6173H         LINE#         120
  C:6189H         LINE#         121
  C:6189H         LINE#         122
  C:6191H         LINE#         123
  C:6193H         LINE#         125
  C:6193H         LINE#         126
  C:61AEH         LINE#         127
  C:61AEH         LINE#         130
  C:61BCH         LINE#         131
  C:61BCH         LINE#         132
  C:61C1H         LINE#         133
  C:61C3H         LINE#         135
  C:61C3H         LINE#         136
  C:61D6H         LINE#         137
  C:61D6H         LINE#         140
  C:61F3H         LINE#         141
  C:61F3H         LINE#         142
BL51 BANKED LINKER/LOCATER V6.22.2.0                                                  06/05/2022  16:46:47  PAGE 24


  C:61F6H         LINE#         143
  C:61F6H         LINE#         146
  C:6217H         LINE#         147
  C:6230H         LINE#         149
  C:6237H         LINE#         150
  C:623EH         LINE#         153
  C:625CH         LINE#         154
  C:625CH         LINE#         155
  C:625FH         LINE#         156
  C:625FH         LINE#         158
  C:6261H         LINE#         159
  -------         ENDPROC       TOUCH_XPT_READXY
  -------         PROC          TOUCH_SCAN
  -------         DO            
  X:03D9H         SYMBOL        res
  X:03DAH         SYMBOL        temp
  -------         ENDDO         
  C:587DH         LINE#         163
  C:587DH         LINE#         164
  C:587DH         LINE#         165
  C:5882H         LINE#         168
  C:588BH         LINE#         169
  C:588BH         LINE#         172
  C:5894H         LINE#         173
  C:5894H         LINE#         224
  C:58A5H         LINE#         225
  C:58E7H         LINE#         226
  C:58F8H         LINE#         227
  C:5937H         LINE#         237
  C:593AH         LINE#         239
  C:593AH         LINE#         290
  C:5949H         LINE#         291
  C:597FH         LINE#         292
  C:5998H         LINE#         293
  C:59CCH         LINE#         303
  C:59CCH         LINE#         320
  C:59D2H         LINE#         321
  C:59D2H         LINE#         322
  C:59D4H         LINE#         324
  C:59D9H         LINE#         325
  C:59DEH         LINE#         326
  -------         ENDPROC       TOUCH_SCAN
  -------         ENDMOD        TOUCH

  -------         MODULE        GUI
  C:0000H         SYMBOL        _ICE_DUMMY_
  C:7582H         PUBLIC        _gui_pow
  D:0090H         PUBLIC        P1
  D:00A0H         PUBLIC        P2
  D:00B0H         PUBLIC        P3
  C:6E9FH         PUBLIC        _gui_num2str
  C:3EB2H         PUBLIC        _gui_show_ptstr
  D:00A8H         PUBLIC        IE
  C:5409H         PUBLIC        _gui_get_stringline
  D:00B8H         PUBLIC        IP
  C:655DH         PUBLIC        _gui_draw_bigpoint
  C:509CH         PUBLIC        _gui_show_num
BL51 BANKED LINKER/LOCATER V6.22.2.0                                                  06/05/2022  16:46:47  PAGE 25


  C:7414H         PUBLIC        _gui_disabs
  C:3A00H         PUBLIC        _gui_fill_ellipse
  C:2A9AH         PUBLIC        _gui_fill_circle
  C:22CCH         PUBLIC        _gui_draw_ellipse
  C:1C19H         PUBLIC        _gui_draw_arcrectangle
  D:0098H         PUBLIC        SCON
  C:6466H         PUBLIC        _gui_alphablend_area
  D:0088H         PUBLIC        TCON
  C:6741H         PUBLIC        _gui_alpha_blend565
  C:7697H         PUBLIC        _gui_rgb332torgb565
  C:59DFH         PUBLIC        _gui_show_strmidex
  C:6D67H         PUBLIC        _gui_draw_expoint
  C:3794H         PUBLIC        _gui_draw_bline
  C:4B04H         PUBLIC        _gui_smooth_color
  C:7326H         PUBLIC        _gui_draw_hline
  C:3C5CH         PUBLIC        _gui_show_ptchar
  C:700CH         PUBLIC        _gui_draw_vline
  C:72A6H         PUBLIC        _gui_color_chg
  C:5C70H         PUBLIC        _gui_show_strmid
  C:5B29H         PUBLIC        _gui_fill_colorblock
  C:4535H         PUBLIC        _gui_draw_line
  C:76D3H         PUBLIC        _gui_draw_point
  C:3546H         PUBLIC        _gui_draw_circle8
  C:4101H         PUBLIC        _gui_show_string
  D:00C8H         PUBLIC        T2CON
  C:712BH         PUBLIC        _gui_fill_rectangle
  C:4EE1H         PUBLIC        _gui_draw_arc
  C:6262H         PUBLIC        _gui_draw_smooth_rectangle
  C:6C67H         PUBLIC        _gui_draw_rectangle
  C:26D0H         PUBLIC        _gui_draw_bline1
  D:00D0H         PUBLIC        PSW
  C:6ACCH         PUBLIC        _gui_show_ptstrwhiterim
  -------         PROC          _GUI_COLOR_CHG
  X:039BH         SYMBOL        rgb
  -------         DO            
  X:039FH         SYMBOL        r
  X:03A1H         SYMBOL        g
  D:0004H         SYMBOL        b
  -------         ENDDO         
  C:72A6H         LINE#         15
  C:72ACH         LINE#         16
  C:72ACH         LINE#         18
  C:72C5H         LINE#         19
  C:72E4H         LINE#         20
  C:72FFH         LINE#         21
  C:7325H         LINE#         22
  -------         ENDPROC       _GUI_COLOR_CHG
  -------         PROC          _GUI_RGB332TORGB565
  D:0004H         SYMBOL        rgb332
  -------         DO            
  D:0002H         SYMBOL        rgb565
  -------         ENDDO         
  C:7697H         LINE#         26
  C:769BH         LINE#         27
  C:769BH         LINE#         28
  C:769FH         LINE#         29
  C:76B4H         LINE#         30
BL51 BANKED LINKER/LOCATER V6.22.2.0                                                  06/05/2022  16:46:47  PAGE 26


  C:76C9H         LINE#         31
  C:76CFH         LINE#         32
  C:76D2H         LINE#         33
  -------         ENDPROC       _GUI_RGB332TORGB565
  -------         PROC          _GUI_POW
  X:03D3H         SYMBOL        m
  X:03D4H         SYMBOL        n
  -------         DO            
  X:03D5H         SYMBOL        result
  -------         ENDDO         
  C:7582H         LINE#         35
  C:758AH         LINE#         36
  C:758AH         LINE#         37
  C:7592H         LINE#         38
  C:75BCH         LINE#         39
  C:75CAH         LINE#         40
  -------         ENDPROC       _GUI_POW
  -------         PROC          _GUI_DISABS
  X:03A3H         SYMBOL        x1
  X:03A7H         SYMBOL        x2
  C:7414H         LINE#         42
  C:741AH         LINE#         43
  C:741AH         LINE#         44
  C:747EH         LINE#         45
  -------         ENDPROC       _GUI_DISABS
  -------         PROC          _GUI_DRAW_POINT
  X:03E2H         SYMBOL        x0
  D:0004H         SYMBOL        y0
  D:0002H         SYMBOL        color
  -------         DO            
  X:03E4H         SYMBOL        tempcolor
  -------         ENDDO         
  C:76D3H         LINE#         51
  C:76DBH         LINE#         52
  C:76DBH         LINE#         53
  C:76EAH         LINE#         54
  C:76F4H         LINE#         55
  C:76FFH         LINE#         56
  C:770EH         LINE#         57
  -------         ENDPROC       _GUI_DRAW_POINT
  -------         PROC          _GUI_ALPHABLEND_AREA
  X:026BH         SYMBOL        x
  X:026DH         SYMBOL        y
  X:026FH         SYMBOL        width
  X:0271H         SYMBOL        height
  X:0273H         SYMBOL        color
  X:0275H         SYMBOL        aval
  -------         DO            
  X:0276H         SYMBOL        i
  X:0278H         SYMBOL        j
  X:027AH         SYMBOL        tempcolor
  -------         ENDDO         
  C:6466H         LINE#         63
  C:647AH         LINE#         64
  C:647AH         LINE#         67
  C:6499H         LINE#         68
  C:6499H         LINE#         69
BL51 BANKED LINKER/LOCATER V6.22.2.0                                                  06/05/2022  16:46:47  PAGE 27


  C:64B8H         LINE#         70
  C:64B8H         LINE#         71
  C:64EBH         LINE#         72
  C:6501H         LINE#         73
  C:6534H         LINE#         74
  C:6548H         LINE#         75
  C:655CH         LINE#         76
  -------         ENDPROC       _GUI_ALPHABLEND_AREA
  -------         PROC          _GUI_DRAW_BIGPOINT
  X:02BAH         SYMBOL        x0
  X:02BCH         SYMBOL        y0
  X:02BEH         SYMBOL        color
  -------         DO            
  X:02C0H         SYMBOL        i
  X:02C2H         SYMBOL        j
  X:02C4H         SYMBOL        x
  X:02C6H         SYMBOL        y
  -------         ENDDO         
  C:655DH         LINE#         82
  C:6573H         LINE#         83
  C:6573H         LINE#         86
  C:658EH         LINE#         87
  C:659DH         LINE#         88
  C:65B9H         LINE#         89
  C:65C8H         LINE#         90
  C:65F2H         LINE#         91
  C:65F2H         LINE#         92
  C:6640H         LINE#         93
  C:6650H         LINE#         94
  -------         ENDPROC       _GUI_DRAW_BIGPOINT
  -------         PROC          _GUI_DRAW_LINE
  X:00FEH         SYMBOL        x0
  X:0100H         SYMBOL        y0
  D:0002H         SYMBOL        x1
  X:0104H         SYMBOL        y1
  X:0106H         SYMBOL        color
  -------         DO            
  X:0108H         SYMBOL        t
  X:010AH         SYMBOL        xerr
  X:010CH         SYMBOL        yerr
  X:010EH         SYMBOL        delta_x
  X:0110H         SYMBOL        delta_y
  X:0112H         SYMBOL        distance
  X:0114H         SYMBOL        incx
  X:0116H         SYMBOL        incy
  X:0118H         SYMBOL        uRow
  X:011AH         SYMBOL        uCol
  -------         ENDDO         
  C:4535H         LINE#         98
  C:4543H         LINE#         99
  C:4543H         LINE#         101
  C:454EH         LINE#         104
  C:4563H         LINE#         105
  C:457EH         LINE#         106
  C:458DH         LINE#         107
  C:4593H         LINE#         108
  C:45AFH         LINE#         109
BL51 BANKED LINKER/LOCATER V6.22.2.0                                                  06/05/2022  16:46:47  PAGE 28


  C:45BBH         LINE#         110
  C:45D0H         LINE#         111
  C:45ECH         LINE#         112
  C:45F8H         LINE#         113
  C:460DH         LINE#         114
  C:4633H         LINE#         115
  C:4638H         LINE#         116
  C:465DH         LINE#         117
  C:465DH         LINE#         118
  C:4676H         LINE#         119
  C:468AH         LINE#         120
  C:469EH         LINE#         121
  C:46BAH         LINE#         122
  C:46BAH         LINE#         123
  C:46C6H         LINE#         124
  C:46DAH         LINE#         125
  C:46DAH         LINE#         126
  C:46F6H         LINE#         127
  C:46F6H         LINE#         128
  C:4702H         LINE#         129
  C:4716H         LINE#         130
  C:4716H         LINE#         131
  C:4727H         LINE#         132
  -------         ENDPROC       _GUI_DRAW_LINE
  -------         PROC          _GUI_DRAW_BLINE
  X:00A2H         SYMBOL        x1
  X:00A4H         SYMBOL        y1
  X:00A6H         SYMBOL        x2
  X:00A8H         SYMBOL        y2
  X:00AAH         SYMBOL        size
  X:00ABH         SYMBOL        color
  -------         DO            
  X:00ADH         SYMBOL        t
  X:00AFH         SYMBOL        xerr
  X:00B1H         SYMBOL        yerr
  X:00B3H         SYMBOL        delta_x
  X:00B5H         SYMBOL        delta_y
  X:00B7H         SYMBOL        distance
  X:00B9H         SYMBOL        incx
  X:00BBH         SYMBOL        incy
  X:00BDH         SYMBOL        uRow
  X:00BFH         SYMBOL        uCol
  -------         ENDDO         
  C:3794H         LINE#         137
  C:37A8H         LINE#         138
  C:37A8H         LINE#         140
  C:37B3H         LINE#         142
  C:37F8H         LINE#         143
  C:3811H         LINE#         144
  C:382CH         LINE#         145
  C:3847H         LINE#         146
  C:384FH         LINE#         147
  C:385DH         LINE#         148
  C:3879H         LINE#         149
  C:3885H         LINE#         150
  C:389AH         LINE#         151
  C:38B6H         LINE#         152
BL51 BANKED LINKER/LOCATER V6.22.2.0                                                  06/05/2022  16:46:47  PAGE 29


  C:38C2H         LINE#         153
  C:38D7H         LINE#         154
  C:38FDH         LINE#         155
  C:3902H         LINE#         156
  C:3927H         LINE#         157
  C:3927H         LINE#         158
  C:394EH         LINE#         159
  C:3962H         LINE#         160
  C:3976H         LINE#         161
  C:39B2H         LINE#         162
  C:39EEH         LINE#         163
  C:39FFH         LINE#         164
  -------         ENDPROC       _GUI_DRAW_BLINE
  -------         PROC          _GUI_DRAW_BLINE1
  X:00C1H         SYMBOL        x0
  X:00C3H         SYMBOL        y0
  D:0002H         SYMBOL        x1
  X:00C7H         SYMBOL        y1
  X:00C9H         SYMBOL        size
  X:00CAH         SYMBOL        color
  -------         DO            
  X:00CCH         SYMBOL        t
  X:00CEH         SYMBOL        xerr
  X:00D0H         SYMBOL        yerr
  X:00D2H         SYMBOL        delta_x
  X:00D4H         SYMBOL        delta_y
  X:00D6H         SYMBOL        distance
  X:00D8H         SYMBOL        incx
  X:00DAH         SYMBOL        incy
  X:00DCH         SYMBOL        uRow
  X:00DEH         SYMBOL        uCol
  -------         ENDDO         
  C:26D0H         LINE#         170
  C:26DEH         LINE#         171
  C:26DEH         LINE#         173
  C:26E9H         LINE#         176
  C:26FEH         LINE#         177
  C:2719H         LINE#         178
  C:2728H         LINE#         179
  C:272EH         LINE#         180
  C:274AH         LINE#         181
  C:2756H         LINE#         182
  C:276BH         LINE#         183
  C:2787H         LINE#         184
  C:2793H         LINE#         185
  C:27A8H         LINE#         186
  C:27CEH         LINE#         187
  C:27D3H         LINE#         188
  C:27F8H         LINE#         189
  C:27F8H         LINE#         190
  C:2817H         LINE#         191
  C:2822H         LINE#         192
  C:2822H         LINE#         193
  C:283BH         LINE#         194
  C:285CH         LINE#         195
  C:287DH         LINE#         196
  C:28A4H         LINE#         197
BL51 BANKED LINKER/LOCATER V6.22.2.0                                                  06/05/2022  16:46:47  PAGE 30


  C:28A4H         LINE#         198
  C:28AFH         LINE#         199
  C:28AFH         LINE#         200
  C:28C8H         LINE#         201
  C:28E9H         LINE#         202
  C:290AH         LINE#         203
  C:2931H         LINE#         204
  C:2958H         LINE#         205
  C:297FH         LINE#         206
  C:29A6H         LINE#         207
  C:29C7H         LINE#         208
  C:29E8H         LINE#         209
  C:29E8H         LINE#         210
  C:29FCH         LINE#         211
  C:2A10H         LINE#         212
  C:2A2CH         LINE#         213
  C:2A2CH         LINE#         214
  C:2A38H         LINE#         215
  C:2A4CH         LINE#         216
  C:2A4CH         LINE#         217
  C:2A68H         LINE#         218
  C:2A68H         LINE#         219
  C:2A74H         LINE#         220
  C:2A88H         LINE#         221
  C:2A88H         LINE#         222
  C:2A99H         LINE#         223
  -------         ENDPROC       _GUI_DRAW_BLINE1
  C:7007H         SYMBOL        L?0322
  -------         PROC          L?0321
  -------         ENDPROC       L?0321
  C:7007H         SYMBOL        L?0322
  -------         PROC          _GUI_DRAW_VLINE
  X:03ABH         SYMBOL        x0
  X:03ADH         SYMBOL        y0
  X:03AFH         SYMBOL        len
  X:03B1H         SYMBOL        color
  C:700CH         LINE#         228
  C:7020H         LINE#         229
  C:7020H         LINE#         230
  C:704EH         LINE#         231
  C:708AH         LINE#         232
  -------         ENDPROC       _GUI_DRAW_VLINE
  -------         PROC          _GUI_DRAW_HLINE
  X:03B3H         SYMBOL        x0
  X:03B5H         SYMBOL        y0
  D:0002H         SYMBOL        len
  X:03B9H         SYMBOL        color
  C:7326H         LINE#         237
  C:7334H         LINE#         238
  C:7334H         LINE#         239
  C:7362H         LINE#         240
  C:73A0H         LINE#         241
  -------         ENDPROC       _GUI_DRAW_HLINE
  -------         PROC          _GUI_FILL_COLORBLOCK
  X:02C8H         SYMBOL        x0
  X:02CAH         SYMBOL        y0
  X:02CCH         SYMBOL        width
BL51 BANKED LINKER/LOCATER V6.22.2.0                                                  06/05/2022  16:46:47  PAGE 31


  X:02CEH         SYMBOL        height
  X:02D0H         SYMBOL        ctbl
  X:02D3H         SYMBOL        mode
  -------         DO            
  X:02D4H         SYMBOL        i
  -------         ENDDO         
  C:5B29H         LINE#         248
  C:5B3DH         LINE#         249
  C:5B3DH         LINE#         251
  C:5B55H         LINE#         252
  C:5B5FH         LINE#         253
  C:5B5FH         LINE#         254
  C:5B7DH         LINE#         255
  C:5B7DH         LINE#         256
  C:5BDBH         LINE#         257
  C:5BECH         LINE#         258
  C:5BECH         LINE#         259
  C:5BECH         LINE#         260
  C:5C09H         LINE#         261
  C:5C09H         LINE#         262
  C:5C5FH         LINE#         263
  C:5C6FH         LINE#         264
  C:5C6FH         LINE#         265
  -------         ENDPROC       _GUI_FILL_COLORBLOCK
  -------         PROC          _GUI_SMOOTH_COLOR
  X:011CH         SYMBOL        srgb
  X:0120H         SYMBOL        ergb
  X:0124H         SYMBOL        cbuf
  X:0127H         SYMBOL        len
  -------         DO            
  X:0129H         SYMBOL        sr
  X:012AH         SYMBOL        sg
  X:012BH         SYMBOL        sb
  X:012CH         SYMBOL        dr
  X:012EH         SYMBOL        dg
  X:0130H         SYMBOL        db
  X:0132H         SYMBOL        r
  X:0134H         SYMBOL        g
  X:0136H         SYMBOL        b
  X:0138H         SYMBOL        i
  -------         ENDDO         
  C:4B04H         LINE#         271
  C:4B0AH         LINE#         272
  C:4B0AH         LINE#         276
  C:4B11H         LINE#         277
  C:4B2AH         LINE#         278
  C:4B43H         LINE#         279
  C:4B52H         LINE#         280
  C:4B75H         LINE#         281
  C:4B98H         LINE#         282
  C:4BB0H         LINE#         283
  C:4BCFH         LINE#         284
  C:4BCFH         LINE#         285
  C:4BFDH         LINE#         286
  C:4C28H         LINE#         287
  C:4C53H         LINE#         288
  C:4C69H         LINE#         289
BL51 BANKED LINKER/LOCATER V6.22.2.0                                                  06/05/2022  16:46:47  PAGE 32


  C:4C7FH         LINE#         290
  C:4C95H         LINE#         291
  C:4CDBH         LINE#         292
  C:4CECH         LINE#         293
  -------         ENDPROC       _GUI_SMOOTH_COLOR
  -------         PROC          _GUI_DRAW_SMOOTH_RECTANGLE
  X:01BAH         SYMBOL        x
  X:01BCH         SYMBOL        y
  X:01BEH         SYMBOL        width
  X:01C0H         SYMBOL        height
  X:01C2H         SYMBOL        srgb
  X:01C6H         SYMBOL        ergb
  -------         DO            
  X:01CAH         SYMBOL        i
  X:01CCH         SYMBOL        j
  X:01CEH         SYMBOL        colortbl
  -------         ENDDO         
  C:6262H         LINE#         298
  C:6276H         LINE#         299
  C:6276H         LINE#         303
  C:62BFH         LINE#         304
  C:62DEH         LINE#         305
  C:62DEH         LINE#         306
  C:62FAH         LINE#         307
  C:62FAH         LINE#         308
  C:6349H         LINE#         309
  C:6359H         LINE#         310
  C:636DH         LINE#         311
  -------         ENDPROC       _GUI_DRAW_SMOOTH_RECTANGLE
  -------         PROC          _GUI_DRAW_RECTANGLE
  X:036EH         SYMBOL        x0
  X:0370H         SYMBOL        y0
  X:0372H         SYMBOL        width
  X:0374H         SYMBOL        height
  X:0376H         SYMBOL        color
  C:6C67H         LINE#         317
  C:6C7BH         LINE#         318
  C:6C7BH         LINE#         319
  C:6C91H         LINE#         320
  C:6CCEH         LINE#         321
  C:6CF1H         LINE#         322
  -------         ENDPROC       _GUI_DRAW_RECTANGLE
  -------         PROC          _GUI_DRAW_ARCRECTANGLE
  X:027CH         SYMBOL        x
  X:027EH         SYMBOL        y
  X:0280H         SYMBOL        width
  X:0282H         SYMBOL        height
  X:0284H         SYMBOL        r
  X:0285H         SYMBOL        mode
  X:0286H         SYMBOL        upcolor
  X:0288H         SYMBOL        downcolor
  -------         DO            
  X:028AH         SYMBOL        btnxh
  -------         ENDDO         
  C:1C19H         LINE#         330
  C:1C2DH         LINE#         331
  C:1C2DH         LINE#         332
BL51 BANKED LINKER/LOCATER V6.22.2.0                                                  06/05/2022  16:46:47  PAGE 33


  C:1C34H         LINE#         333
  C:1C48H         LINE#         334
  C:1C57H         LINE#         335
  C:1C63H         LINE#         336
  C:1C63H         LINE#         337
  C:1CB7H         LINE#         338
  C:1D21H         LINE#         339
  C:1D58H         LINE#         340
  C:1D9AH         LINE#         341
[...]
  C:3F25H         LINE#         717
  C:3F3CH         LINE#         718
  C:3F42H         LINE#         719
  C:3F42H         LINE#         720
  C:3F42H         LINE#         721
  C:3F4DH         LINE#         722
  C:3F4DH         LINE#         723
  C:3FBAH         LINE#         724
  C:3FEDH         LINE#         725
  C:3FF5H         LINE#         726
  C:4000H         LINE#         727
  C:4000H         LINE#         728
  C:400DH         LINE#         729
  C:4014H         LINE#         730
  C:4014H         LINE#         731
  C:4014H         LINE#         732
  C:402CH         LINE#         733
  C:4033H         LINE#         734
  C:4033H         LINE#         735
  C:4036H         LINE#         736
  C:4036H         LINE#         737
  C:403BH         LINE#         738
  C:403FH         LINE#         739
  C:403FH         LINE#         740
  C:4054H         LINE#         741
  C:4054H         LINE#         742
  C:4061H         LINE#         743
  C:4063H         LINE#         744
  C:4063H         LINE#         745
  C:407AH         LINE#         746
  C:4080H         LINE#         747
  C:4080H         LINE#         748
  C:4080H         LINE#         749
  C:4086H         LINE#         750
  C:4086H         LINE#         752
  C:40B7H         LINE#         753
  C:40BFH         LINE#         754
  C:40CAH         LINE#         755
  C:40CAH         LINE#         756
  C:40D7H         LINE#         757
  C:40DEH         LINE#         758
  C:40DEH         LINE#         759
  C:40DEH         LINE#         760
  C:40F3H         LINE#         761
  C:40FDH         LINE#         762
  C:40FDH         LINE#         763
  C:4100H         LINE#         764
  -------         ENDPROC       _GUI_SHOW_PTSTR
  -------         PROC          _GUI_SHOW_PTSTRWHITERIM
BL51 BANKED LINKER/LOCATER V6.22.2.0                                                  06/05/2022  16:46:47  PAGE 42


  X:0259H         SYMBOL        x
  X:025BH         SYMBOL        y
  X:025DH         SYMBOL        xend
  X:025FH         SYMBOL        yend
  X:0261H         SYMBOL        offset
  X:0263H         SYMBOL        color
  X:0265H         SYMBOL        rimcolor
  X:0267H         SYMBOL        size
  X:0268H         SYMBOL        str
  C:6ACCH         LINE#         774
  C:6AE0H         LINE#         775
  C:6AE0H         LINE#         776
  C:6B37H         LINE#         777
  -------         ENDPROC       _GUI_SHOW_PTSTRWHITERIM
  -------         PROC          _GUI_GET_STRINGLINE
  X:032FH         SYMBOL        str
  X:0332H         SYMBOL        linelenth
  X:0334H         SYMBOL        font
  -------         DO            
  X:0335H         SYMBOL        xpos
  X:0337H         SYMBOL        lincnt
  -------         ENDDO         
  C:5409H         LINE#         785
  C:541CH         LINE#         786
  C:541CH         LINE#         787
  C:5423H         LINE#         788
  C:542BH         LINE#         789
  C:5441H         LINE#         790
  C:5471H         LINE#         791
  C:5471H         LINE#         792
  C:5496H         LINE#         793
  C:5496H         LINE#         794
  C:54A5H         LINE#         795
  C:54ACH         LINE#         796
  C:54CBH         LINE#         797
  C:54D2H         LINE#         798
  C:54F0H         LINE#         799
  C:54F0H         LINE#         800
  C:5503H         LINE#         801
  C:550DH         LINE#         802
  C:5525H         LINE#         803
  C:5525H         LINE#         804
  C:5525H         LINE#         805
  C:5525H         LINE#         806
  C:5525H         LINE#         807
  C:5527H         LINE#         808
  C:5527H         LINE#         809
  C:553CH         LINE#         810
  C:5546H         LINE#         811
  C:555EH         LINE#         812
  C:555EH         LINE#         813
  C:5563H         LINE#         814
  C:5580H         LINE#         815
  C:5580H         LINE#         816
  C:5580H         LINE#         817
  C:5583H         LINE#         818
  C:5591H         LINE#         819
BL51 BANKED LINKER/LOCATER V6.22.2.0                                                  06/05/2022  16:46:47  PAGE 43


  -------         ENDPROC       _GUI_GET_STRINGLINE
  -------         PROC          _GUI_SHOW_STRING
  X:01D1H         SYMBOL        str
  X:01D4H         SYMBOL        x
  X:01D6H         SYMBOL        y
  X:01D8H         SYMBOL        width
  X:01DAH         SYMBOL        height
  X:01DCH         SYMBOL        font
  X:01DDH         SYMBOL        fcolor
  -------         DO            
  X:01DFH         SYMBOL        xpos
  X:01E1H         SYMBOL        ypos
  X:01E3H         SYMBOL        endx
  X:01E5H         SYMBOL        endy
  -------         ENDDO         
  C:4101H         LINE#         826
  C:4112H         LINE#         827
  C:4112H         LINE#         828
  C:4122H         LINE#         829
  C:4132H         LINE#         830
  C:414CH         LINE#         831
  C:4166H         LINE#         832
  C:417EH         LINE#         833
  C:4192H         LINE#         834
  C:4192H         LINE#         835
  C:41A8H         LINE#         836
  C:41A8H         LINE#         837
  C:41B7H         LINE#         838
  C:41BEH         LINE#         839
  C:41CDH         LINE#         840
  C:41DFH         LINE#         841
  C:41FDH         LINE#         842
  C:41FDH         LINE#         843
  C:4225H         LINE#         844
  C:4225H         LINE#         845
  C:4234H         LINE#         846
  C:4240H         LINE#         847
  C:4240H         LINE#         849
  C:4252H         LINE#         850
  C:4259H         LINE#         852
  C:425CH         LINE#         853
  C:425CH         LINE#         854
  C:4286H         LINE#         855
  C:4286H         LINE#         856
  C:4295H         LINE#         857
  C:42A2H         LINE#         858
  C:42A2H         LINE#         859
  C:4301H         LINE#         860
  C:4315H         LINE#         861
  C:431FH         LINE#         862
  C:431FH         LINE#         863
  C:4337H         LINE#         864
  C:4337H         LINE#         865
  -------         ENDPROC       _GUI_SHOW_STRING
  -------         ENDMOD        GUI

  -------         MODULE        PUBLIC
BL51 BANKED LINKER/LOCATER V6.22.2.0                                                  06/05/2022  16:46:47  PAGE 44


  C:0000H         SYMBOL        _ICE_DUMMY_
  D:0090H         PUBLIC        P1
  D:00B0H         PUBLIC        P3
  D:00A8H         PUBLIC        IE
  D:00B8H         PUBLIC        IP
  D:0098H         PUBLIC        SCON
  D:0088H         PUBLIC        TCON
  C:7927H         PUBLIC        _delay_10us
  C:7856H         PUBLIC        _delay_ms
  D:00C8H         PUBLIC        T2CON
  D:00D0H         PUBLIC        PSW
  -------         PROC          _DELAY_10US
  D:0006H         SYMBOL        us
  C:7927H         LINE#         6
  C:7927H         LINE#         7
  C:7927H         LINE#         8
  C:7931H         LINE#         9
  -------         ENDPROC       _DELAY_10US
  -------         PROC          _DELAY_MS
  D:0006H         SYMBOL        ms
  -------         DO            
  D:0006H         SYMBOL        i
  D:0004H         SYMBOL        j
  -------         ENDDO         
  C:7856H         LINE#         11
  C:7856H         LINE#         12
  C:7856H         LINE#         14
  C:785FH         LINE#         15
  C:7873H         LINE#         16
  -------         ENDPROC       _DELAY_MS
  -------         ENDMOD        PUBLIC

  -------         MODULE        UART
  C:0000H         SYMBOL        _ICE_DUMMY_
  D:0090H         PUBLIC        P1
  D:00B0H         PUBLIC        P3
  B:00A8H.7       PUBLIC        EA
  X:0000H         PUBLIC        UART_RX_BUF
  D:00A8H         PUBLIC        IE
  X:0032H         PUBLIC        UART_RX_STA
  B:00A8H.4       PUBLIC        ES
  D:00B8H         PUBLIC        IP
  B:0098H.0       PUBLIC        RI
  B:0098H.1       PUBLIC        TI
  C:774AH         PUBLIC        _UART_SendString
  C:790EH         PUBLIC        _UART_SendData
  D:0099H         PUBLIC        SBUF
  D:0087H         PUBLIC        PCON
  C:0003H         PUBLIC        _UART_Cmd
  C:78C2H         PUBLIC        UART_Init
  D:0098H         PUBLIC        SCON
  D:0089H         PUBLIC        TMOD
  D:0088H         PUBLIC        TCON
  D:008DH         PUBLIC        TH1
  D:008BH         PUBLIC        TL1
  B:0088H.6       PUBLIC        TR1
  D:00C8H         PUBLIC        T2CON
BL51 BANKED LINKER/LOCATER V6.22.2.0                                                  06/05/2022  16:46:47  PAGE 45


  C:71A1H         PUBLIC        UART_IRQn
  D:00D0H         PUBLIC        PSW
  -------         PROC          UART_INIT
  C:78C2H         LINE#         5
  C:78C2H         LINE#         6
  C:78C2H         LINE#         7
  C:78C5H         LINE#         8
  C:78C8H         LINE#         9
  C:78CBH         LINE#         10
  C:78CEH         LINE#         11
  C:78D1H         LINE#         13
  C:78D3H         LINE#         14
  C:78D5H         LINE#         15
  C:78D7H         LINE#         16
  -------         ENDPROC       UART_INIT
  -------         PROC          _UART_CMD
  D:0007H         SYMBOL        ensta
  C:0003H         LINE#         18
  C:0003H         LINE#         19
  C:0003H         LINE#         20
  C:0008H         LINE#         21
  -------         ENDPROC       _UART_CMD
  -------         PROC          _UART_SENDDATA
  D:0007H         SYMBOL        dat
  C:790EH         LINE#         23
  C:790EH         LINE#         24
  C:790EH         LINE#         25
  C:7910H         LINE#         26
  C:7912H         LINE#         27
  C:7914H         LINE#         28
  C:7917H         LINE#         29
  C:7919H         LINE#         30
  C:791BH         LINE#         31
  -------         ENDPROC       _UART_SENDDATA
  -------         PROC          _UART_SENDSTRING
  X:03E9H         SYMBOL        pbuf
  C:774AH         LINE#         33
  C:7755H         LINE#         34
  C:7755H         LINE#         35
  C:7766H         LINE#         36
  C:7766H         LINE#         37
  C:7769H         LINE#         38
  C:7770H         LINE#         39
  C:777AH         LINE#         40
  C:777CH         LINE#         41
  -------         ENDPROC       _UART_SENDSTRING
  -------         PROC          UART_IRQN
  -------         DO            
  D:0007H         SYMBOL        r
  -------         ENDDO         
  C:71A1H         LINE#         51
  C:71B0H         LINE#         55
  C:71B3H         LINE#         56
  C:71B3H         LINE#         57
  C:71B5H         LINE#         58
  C:71B7H         LINE#         59
  C:71C0H         LINE#         60
BL51 BANKED LINKER/LOCATER V6.22.2.0                                                  06/05/2022  16:46:47  PAGE 46


  C:71C0H         LINE#         61
  C:71C3H         LINE#         62
  C:71C3H         LINE#         63
  C:71CDH         LINE#         64
  C:71D0H         LINE#         65
  C:71D2H         LINE#         67
  C:71D2H         LINE#         68
  C:71E3H         LINE#         70
  C:71E3H         LINE#         71
  C:71F7H         LINE#         72
  C:7205H         LINE#         73
  C:7218H         LINE#         74
  C:7218H         LINE#         75
  C:7218H         LINE#         76
  C:7218H         LINE#         77
  C:7218H         LINE#         78
  -------         ENDPROC       UART_IRQN
  -------         ENDMOD        UART

  -------         MODULE        ?C?CLDPTR
  C:2E3AH         PUBLIC        ?C?CLDPTR
  -------         ENDMOD        ?C?CLDPTR

  -------         MODULE        ?C?CLDOPTR
  C:2E53H         PUBLIC        ?C?CLDOPTR
  -------         ENDMOD        ?C?CLDOPTR

  -------         MODULE        ?C?CSTPTR
  C:2E80H         PUBLIC        ?C?CSTPTR
  -------         ENDMOD        ?C?CSTPTR

  -------         MODULE        ?C?IMUL
  C:2E92H         PUBLIC        ?C?IMUL
  -------         ENDMOD        ?C?IMUL

  -------         MODULE        ?C?UIDIV
  C:2EA4H         PUBLIC        ?C?UIDIV
  -------         ENDMOD        ?C?UIDIV

  -------         MODULE        ?C?IILDX
  C:2EF9H         PUBLIC        ?C?IILDX
  -------         ENDMOD        ?C?IILDX

  -------         MODULE        ?C?ILDIX
  C:2F0FH         PUBLIC        ?C?ILDIX
  -------         ENDMOD        ?C?ILDIX

  -------         MODULE        ?C?ILDOPTR
  C:2F25H         PUBLIC        ?C?ILDOPTR
  -------         ENDMOD        ?C?ILDOPTR

  -------         MODULE        ?C?ISTOPTR
  C:2F5DH         PUBLIC        ?C?ISTOPTR
  -------         ENDMOD        ?C?ISTOPTR

  -------         MODULE        ?C?LMUL
  C:2F8AH         PUBLIC        ?C?LMUL
BL51 BANKED LINKER/LOCATER V6.22.2.0                                                  06/05/2022  16:46:47  PAGE 47


  -------         ENDMOD        ?C?LMUL

  -------         MODULE        ?C?ULDIV
  C:3015H         PUBLIC        ?C?ULDIV
  -------         ENDMOD        ?C?ULDIV

  -------         MODULE        ?C?SLDIV
  C:7613H         PUBLIC        ?C?SLDIV
  -------         ENDMOD        ?C?SLDIV

  -------         MODULE        ?C?SLCMP
  C:30A7H         PUBLIC        ?C?SLCMP
  -------         ENDMOD        ?C?SLCMP

  -------         MODULE        ?C?ULCMP
  C:30BDH         PUBLIC        ?C?ULCMP
  -------         ENDMOD        ?C?ULCMP

  -------         MODULE        ?C?ULSHR
  C:30CEH         PUBLIC        ?C?ULSHR
  -------         ENDMOD        ?C?ULSHR

  -------         MODULE        ?C?LSTXDATA
  C:30E1H         PUBLIC        ?C?LSTXDATA
  -------         ENDMOD        ?C?LSTXDATA

  -------         MODULE        ?C?LSTKXDATA
  C:30EDH         PUBLIC        ?C?LSTKXDATA
  -------         ENDMOD        ?C?LSTKXDATA

  -------         MODULE        ?C?ICASE
  C:311EH         PUBLIC        ?C?ICASE
  -------         ENDMOD        ?C?ICASE

  -------         MODULE        ?C?LIMUL
  C:314BH         PUBLIC        ?C?LIMUL
  -------         ENDMOD        ?C?LIMUL

  -------         MODULE        PRINTF
  X:0034H         PUBLIC        ?_PRINTF517?BYTE
  X:0034H         PUBLIC        ?_PRINTF?BYTE
  X:0034H         PUBLIC        ?_SPRINTF517?BYTE
  X:0034H         PUBLIC        ?_SPRINTF?BYTE
  C:3229H         PUBLIC        _PRINTF
  C:3229H         PUBLIC        _PRINTF517
  C:3223H         PUBLIC        _SPRINTF
  C:3223H         PUBLIC        _SPRINTF517
  -------         ENDMOD        PRINTF

  -------         MODULE        STRLEN
  C:000EH         PUBLIC        _STRLEN
  -------         ENDMOD        STRLEN

  -------         MODULE        ?C?PLDIXDATA
  C:3178H         PUBLIC        ?C?PLDIXDATA
  -------         ENDMOD        ?C?PLDIXDATA

BL51 BANKED LINKER/LOCATER V6.22.2.0                                                  06/05/2022  16:46:47  PAGE 48


  -------         MODULE        ?C?PSTXDATA
  C:318FH         PUBLIC        ?C?PSTXDATA
  -------         ENDMOD        ?C?PSTXDATA

  -------         MODULE        ?C?CCASE
  C:3198H         PUBLIC        ?C?CCASE
  -------         ENDMOD        ?C?CCASE

  -------         MODULE        PUTCHAR
  C:77A9H         PUBLIC        _PUTCHAR
  -------         ENDMOD        PUTCHAR

*** WARNING L16: UNCALLED SEGMENT, IGNORED FOR OVERLAY PROCESS
    SEGMENT: ?PR?KEY_PROC?MAIN

*** WARNING L16: UNCALLED SEGMENT, IGNORED FOR OVERLAY PROCESS
    SEGMENT: ?PR?TFT_PROC?MAIN

*** WARNING L16: UNCALLED SEGMENT, IGNORED FOR OVERLAY PROCESS
    SEGMENT: ?PR?TIME0_INIT?BSP_TIME

*** WARNING L16: UNCALLED SEGMENT, IGNORED FOR OVERLAY PROCESS
    SEGMENT: ?PR?_DELAY?TFTLCD

*** WARNING L16: UNCALLED SEGMENT, IGNORED FOR OVERLAY PROCESS
    SEGMENT: ?PR?TFTLCD_INIT?TFTLCD

*** WARNING L16: UNCALLED SEGMENT, IGNORED FOR OVERLAY PROCESS
    SEGMENT: ?PR?_LCD_COLOR_FILL?TFTLCD

*** WARNING L16: UNCALLED SEGMENT, IGNORED FOR OVERLAY PROCESS
    SEGMENT: ?PR?_LCD_DRAWBIGPOINT?TFTLCD

*** WARNING L16: UNCALLED SEGMENT, IGNORED FOR OVERLAY PROCESS
    SEGMENT: ?PR?_LCD_DRAWLINE_COLOR?TFTLCD

*** WARNING L16: UNCALLED SEGMENT, IGNORED FOR OVERLAY PROCESS
    SEGMENT: ?PR?_LCD_DROWSIGN?TFTLCD

*** WARNING L16: UNCALLED SEGMENT, IGNORED FOR OVERLAY PROCESS
    SEGMENT: ?PR?_LCD_DRAWRECTANGLE?TFTLCD

*** WARNING L16: UNCALLED SEGMENT, IGNORED FOR OVERLAY PROCESS
    SEGMENT: ?PR?_LCD_DRAW_CIRCLE?TFTLCD

*** WARNING L16: UNCALLED SEGMENT, IGNORED FOR OVERLAY PROCESS
    SEGMENT: ?PR?_LCD_SHOWNUM?TFTLCD

*** WARNING L16: UNCALLED SEGMENT, IGNORED FOR OVERLAY PROCESS
    SEGMENT: ?PR?_LCD_SHOWXNUM?TFTLCD

*** WARNING L16: UNCALLED SEGMENT, IGNORED FOR OVERLAY PROCESS
    SEGMENT: ?PR?_LCD_SHOWSTRING?TFTLCD

*** WARNING L16: UNCALLED SEGMENT, IGNORED FOR OVERLAY PROCESS
    SEGMENT: ?PR?_LCD_SHOWFONTHZ?TFTLCD

BL51 BANKED LINKER/LOCATER V6.22.2.0                                                  06/05/2022  16:46:47  PAGE 49


*** WARNING L16: UNCALLED SEGMENT, IGNORED FOR OVERLAY PROCESS
    SEGMENT: ?PR?_LCD_SHOWPICTURE?TFTLCD

*** WARNING L16: UNCALLED SEGMENT, IGNORED FOR OVERLAY PROCESS
    SEGMENT: ?PR?TOUCH_SCAN?TOUCH

*** WARNING L16: UNCALLED SEGMENT, IGNORED FOR OVERLAY PROCESS
    SEGMENT: ?PR?_GUI_COLOR_CHG?GUI

*** WARNING L16: UNCALLED SEGMENT, IGNORED FOR OVERLAY PROCESS
    SEGMENT: ?PR?_GUI_RGB332TORGB565?GUI

*** WARNING L16: UNCALLED SEGMENT, IGNORED FOR OVERLAY PROCESS
    SEGMENT: ?PR?_GUI_DISABS?GUI

*** WARNING L16: UNCALLED SEGMENT, IGNORED FOR OVERLAY PROCESS
    SEGMENT: ?PR?_GUI_DRAW_POINT?GUI

*** WARNING L16: UNCALLED SEGMENT, IGNORED FOR OVERLAY PROCESS
    SEGMENT: ?PR?_GUI_ALPHABLEND_AREA?GUI

*** WARNING L16: UNCALLED SEGMENT, IGNORED FOR OVERLAY PROCESS
    SEGMENT: ?PR?_GUI_DRAW_BLINE?GUI

*** WARNING L16: UNCALLED SEGMENT, IGNORED FOR OVERLAY PROCESS
    SEGMENT: ?PR?_GUI_DRAW_BLINE1?GUI

*** WARNING L16: UNCALLED SEGMENT, IGNORED FOR OVERLAY PROCESS
    SEGMENT: ?PR?_GUI_FILL_COLORBLOCK?GUI

*** WARNING L16: UNCALLED SEGMENT, IGNORED FOR OVERLAY PROCESS
    SEGMENT: ?PR?_GUI_DRAW_SMOOTH_RECTANGLE?GUI

*** WARNING L16: UNCALLED SEGMENT, IGNORED FOR OVERLAY PROCESS
    SEGMENT: ?PR?_GUI_DRAW_RECTANGLE?GUI

*** WARNING L16: UNCALLED SEGMENT, IGNORED FOR OVERLAY PROCESS
    SEGMENT: ?PR?_GUI_DRAW_ARCRECTANGLE?GUI

*** WARNING L16: UNCALLED SEGMENT, IGNORED FOR OVERLAY PROCESS
    SEGMENT: ?PR?_GUI_DRAW_ELLIPSE?GUI

*** WARNING L16: UNCALLED SEGMENT, IGNORED FOR OVERLAY PROCESS
    SEGMENT: ?PR?_GUI_FILL_ELLIPSE?GUI

*** WARNING L16: UNCALLED SEGMENT, IGNORED FOR OVERLAY PROCESS
    SEGMENT: ?PR?_GUI_SHOW_STRMID?GUI

*** WARNING L16: UNCALLED SEGMENT, IGNORED FOR OVERLAY PROCESS
    SEGMENT: ?PR?_GUI_SHOW_STRMIDEX?GUI

*** WARNING L16: UNCALLED SEGMENT, IGNORED FOR OVERLAY PROCESS
    SEGMENT: ?PR?_GUI_SHOW_NUM?GUI

*** WARNING L16: UNCALLED SEGMENT, IGNORED FOR OVERLAY PROCESS
    SEGMENT: ?PR?_GUI_NUM2STR?GUI

BL51 BANKED LINKER/LOCATER V6.22.2.0                                                  06/05/2022  16:46:47  PAGE 50


*** WARNING L16: UNCALLED SEGMENT, IGNORED FOR OVERLAY PROCESS
    SEGMENT: ?PR?_GUI_SHOW_PTSTRWHITERIM?GUI

*** WARNING L16: UNCALLED SEGMENT, IGNORED FOR OVERLAY PROCESS
    SEGMENT: ?PR?_GUI_GET_STRINGLINE?GUI

*** WARNING L16: UNCALLED SEGMENT, IGNORED FOR OVERLAY PROCESS
    SEGMENT: ?PR?_GUI_SHOW_STRING?GUI

*** WARNING L16: UNCALLED SEGMENT, IGNORED FOR OVERLAY PROCESS
    SEGMENT: ?PR?_UART_CMD?UART

*** WARNING L16: UNCALLED SEGMENT, IGNORED FOR OVERLAY PROCESS
    SEGMENT: ?PR?_UART_SENDSTRING?UART

Program Size: data=15.1 xdata=1008 code=31029
LINK/LOCATE RUN COMPLETE.  39 WARNING(S),  0 ERROR(S)
